Archive member included to satisfy reference by file (symbol)

/Applications/ArmGNUToolchain/14.3.rel1/arm-none-eabi/bin/../lib/gcc/arm-none-eabi/14.3.1/../../../../arm-none-eabi/lib/thumb/v7e-m+fp/hard/libg.a(libc_a-exit.o)
                              /Applications/ArmGNUToolchain/14.3.rel1/arm-none-eabi/bin/../lib/gcc/arm-none-eabi/14.3.1/../../../../arm-none-eabi/lib/thumb/v7e-m+fp/hard/crt0.o (exit)
/Applications/ArmGNUToolchain/14.3.rel1/arm-none-eabi/bin/../lib/gcc/arm-none-eabi/14.3.1/../../../../arm-none-eabi/lib/thumb/v7e-m+fp/hard/libg.a(libc_a-findfp.o)
                              /Applications/ArmGNUToolchain/14.3.rel1/arm-none-eabi/bin/../lib/gcc/arm-none-eabi/14.3.1/../../../../arm-none-eabi/lib/thumb/v7e-m+fp/hard/libg.a(libc_a-exit.o) (__stdio_exit_handler)
/Applications/ArmGNUToolchain/14.3.rel1/arm-none-eabi/bin/../lib/gcc/arm-none-eabi/14.3.1/../../../../arm-none-eabi/lib/thumb/v7e-m+fp/hard/libg.a(libc_a-memset.o)
                              /Applications/ArmGNUToolchain/14.3.rel1/arm-none-eabi/bin/../lib/gcc/arm-none-eabi/14.3.1/../../../../arm-none-eabi/lib/thumb/v7e-m+fp/hard/crt0.o (memset)
/Applications/ArmGNUToolchain/14.3.rel1/arm-none-eabi/bin/../lib/gcc/arm-none-eabi/14.3.1/../../../../arm-none-eabi/lib/thumb/v7e-m+fp/hard/libg.a(libc_a-impure.o)
                              /Applications/ArmGNUToolchain/14.3.rel1/arm-none-eabi/bin/../lib/gcc/arm-none-eabi/14.3.1/../../../../arm-none-eabi/lib/thumb/v7e-m+fp/hard/libg.a(libc_a-findfp.o) (_impure_data)
/Applications/ArmGNUToolchain/14.3.rel1/arm-none-eabi/bin/../lib/gcc/arm-none-eabi/14.3.1/../../../../arm-none-eabi/lib/thumb/v7e-m+fp/hard/libg.a(libc_a-init.o)
                              /Applications/ArmGNUToolchain/14.3.rel1/arm-none-eabi/bin/../lib/gcc/arm-none-eabi/14.3.1/../../../../arm-none-eabi/lib/thumb/v7e-m+fp/hard/crt0.o (__libc_init_array)
/Applications/ArmGNUToolchain/14.3.rel1/arm-none-eabi/bin/../lib/gcc/arm-none-eabi/14.3.1/../../../../arm-none-eabi/lib/thumb/v7e-m+fp/hard/libg.a(libc_a-lock.o)
                              /Applications/ArmGNUToolchain/14.3.rel1/arm-none-eabi/bin/../lib/gcc/arm-none-eabi/14.3.1/../../../../arm-none-eabi/lib/thumb/v7e-m+fp/hard/libg.a(libc_a-findfp.o) (__retarget_lock_init_recursive)
/Applications/ArmGNUToolchain/14.3.rel1/arm-none-eabi/bin/../lib/gcc/arm-none-eabi/14.3.1/../../../../arm-none-eabi/lib/thumb/v7e-m+fp/hard/libg.a(libc_a-__call_atexit.o)
                              /Applications/ArmGNUToolchain/14.3.rel1/arm-none-eabi/bin/../lib/gcc/arm-none-eabi/14.3.1/../../../../arm-none-eabi/lib/thumb/v7e-m+fp/hard/libg.a(libc_a-exit.o) (__call_exitprocs)
/Applications/ArmGNUToolchain/14.3.rel1/arm-none-eabi/bin/../lib/gcc/arm-none-eabi/14.3.1/../../../../arm-none-eabi/lib/thumb/v7e-m+fp/hard/libg.a(libc_a-atexit.o)
                              /Applications/ArmGNUToolchain/14.3.rel1/arm-none-eabi/bin/../lib/gcc/arm-none-eabi/14.3.1/../../../../arm-none-eabi/lib/thumb/v7e-m+fp/hard/libg.a(libc_a-__call_atexit.o) (atexit)
/Applications/ArmGNUToolchain/14.3.rel1/arm-none-eabi/bin/../lib/gcc/arm-none-eabi/14.3.1/../../../../arm-none-eabi/lib/thumb/v7e-m+fp/hard/libg.a(libc_a-mallocr.o)
                              /Applications/ArmGNUToolchain/14.3.rel1/arm-none-eabi/bin/../lib/gcc/arm-none-eabi/14.3.1/../../../../arm-none-eabi/lib/thumb/v7e-m+fp/hard/libg.a(libc_a-findfp.o) (_malloc_r)
/Applications/ArmGNUToolchain/14.3.rel1/arm-none-eabi/bin/../lib/gcc/arm-none-eabi/14.3.1/../../../../arm-none-eabi/lib/thumb/v7e-m+fp/hard/libg.a(libc_a-mlock.o)
                              /Applications/ArmGNUToolchain/14.3.rel1/arm-none-eabi/bin/../lib/gcc/arm-none-eabi/14.3.1/../../../../arm-none-eabi/lib/thumb/v7e-m+fp/hard/libg.a(libc_a-mallocr.o) (__malloc_lock)
/Applications/ArmGNUToolchain/14.3.rel1/arm-none-eabi/bin/../lib/gcc/arm-none-eabi/14.3.1/../../../../arm-none-eabi/lib/thumb/v7e-m+fp/hard/libg.a(libc_a-fwalk.o)
                              /Applications/ArmGNUToolchain/14.3.rel1/arm-none-eabi/bin/../lib/gcc/arm-none-eabi/14.3.1/../../../../arm-none-eabi/lib/thumb/v7e-m+fp/hard/libg.a(libc_a-findfp.o) (_fwalk_sglue)
/Applications/ArmGNUToolchain/14.3.rel1/arm-none-eabi/bin/../lib/gcc/arm-none-eabi/14.3.1/../../../../arm-none-eabi/lib/thumb/v7e-m+fp/hard/libg.a(libc_a-fclose.o)
                              /Applications/ArmGNUToolchain/14.3.rel1/arm-none-eabi/bin/../lib/gcc/arm-none-eabi/14.3.1/../../../../arm-none-eabi/lib/thumb/v7e-m+fp/hard/libg.a(libc_a-findfp.o) (_fclose_r)
/Applications/ArmGNUToolchain/14.3.rel1/arm-none-eabi/bin/../lib/gcc/arm-none-eabi/14.3.1/../../../../arm-none-eabi/lib/thumb/v7e-m+fp/hard/libg.a(libc_a-fflush.o)
                              /Applications/ArmGNUToolchain/14.3.rel1/arm-none-eabi/bin/../lib/gcc/arm-none-eabi/14.3.1/../../../../arm-none-eabi/lib/thumb/v7e-m+fp/hard/libg.a(libc_a-fclose.o) (__sflush_r)
[...]
Memory Configuration

Name             Origin             Length             Attributes
FLASH            0x00000000         0x00100000         xr
EXTFLASH         0x12000000         0x08000000         xr
RAM              0x20000000         0x00040000         xrw
CODE_RAM         0x00800000         0x00040000         xrw
*default*        0x00000000         0xffffffff

Linker script and memory map

LOAD /Applications/ArmGNUToolchain/14.3.rel1/arm-none-eabi/bin/../lib/gcc/arm-none-eabi/14.3.1/thumb/v7e-m+fp/hard/crti.o
LOAD /Applications/ArmGNUToolchain/14.3.rel1/arm-none-eabi/bin/../lib/gcc/arm-none-eabi/14.3.1/thumb/v7e-m+fp/hard/crtbegin.o
LOAD /Applications/ArmGNUToolchain/14.3.rel1/arm-none-eabi/bin/../lib/gcc/arm-none-eabi/14.3.1/../../../../arm-none-eabi/lib/thumb/v7e-m+fp/hard/crt0.o
LOAD build/system_nrf52.c.o
LOAD build/gcc_startup_nrf52840.S.o
LOAD build/task4.c.o
LOAD /Applications/ArmGNUToolchain/14.3.rel1/arm-none-eabi/bin/../lib/gcc/arm-none-eabi/14.3.1/../../../../arm-none-eabi/lib/thumb/v7e-m+fp/hard/libstdc++.a
LOAD /Applications/ArmGNUToolchain/14.3.rel1/arm-none-eabi/bin/../lib/gcc/arm-none-eabi/14.3.1/../../../../arm-none-eabi/lib/thumb/v7e-m+fp/hard/libm.a
START GROUP
LOAD /Applications/ArmGNUToolchain/14.3.rel1/arm-none-eabi/bin/../lib/gcc/arm-none-eabi/14.3.1/thumb/v7e-m+fp/hard/libgcc.a
LOAD /Applications/ArmGNUToolchain/14.3.rel1/arm-none-eabi/bin/../lib/gcc/arm-none-eabi/14.3.1/../../../../arm-none-eabi/lib/thumb/v7e-m+fp/hard/libg.a
LOAD /Applications/ArmGNUToolchain/14.3.rel1/arm-none-eabi/bin/../lib/gcc/arm-none-eabi/14.3.1/../../../../arm-none-eabi/lib/thumb/v7e-m+fp/hard/libc.a
END GROUP
START GROUP
LOAD /Applications/ArmGNUToolchain/14.3.rel1/arm-none-eabi/bin/../lib/gcc/arm-none-eabi/14.3.1/thumb/v7e-m+fp/hard/libgcc.a
LOAD /Applications/ArmGNUToolchain/14.3.rel1/arm-none-eabi/bin/../lib/gcc/arm-none-eabi/14.3.1/../../../../arm-none-eabi/lib/thumb/v7e-m+fp/hard/libc.a
LOAD /Applications/ArmGNUToolchain/14.3.rel1/arm-none-eabi/bin/../lib/gcc/arm-none-eabi/14.3.1/../../../../arm-none-eabi/lib/thumb/v7e-m+fp/hard/libnosys.a
END GROUP
LOAD /Applications/ArmGNUToolchain/14.3.rel1/arm-none-eabi/bin/../lib/gcc/arm-none-eabi/14.3.1/thumb/v7e-m+fp/hard/crtend.o
LOAD /Applications/ArmGNUToolchain/14.3.rel1/arm-none-eabi/bin/../lib/gcc/arm-none-eabi/14.3.1/thumb/v7e-m+fp/hard/crtn.o
START GROUP
LOAD /Applications/ArmGNUToolchain/14.3.rel1/arm-none-eabi/bin/../lib/gcc/arm-none-eabi/14.3.1/thumb/v7e-m+fp/hard/libgcc.a
LOAD /Applications/ArmGNUToolchain/14.3.rel1/arm-none-eabi/bin/../lib/gcc/arm-none-eabi/14.3.1/../../../../arm-none-eabi/lib/thumb/v7e-m+fp/hard/libc.a
END GROUP
                0x00000000                        . = ALIGN (ORIGIN (FLASH), 0x4)

.vectors        0x00000000      0x200
                0x00000000                        __vectors_start = .
 *(.isr_vector)
 .isr_vector    0x00000000      0x200 build/gcc_startup_nrf52840.S.o
                0x00000000                __isr_vector
 *(.vectors)
                0x00000200                        __vectors_size = SIZEOF (.vectors)
                0x00000200                        __vectors_end = (__vectors_start + __vectors_size)
                0x00000001                        ASSERT (((__vectors_start == __vectors_end) || ((__vectors_end - ORIGIN (FLASH)) <= LENGTH (FLASH))), error: .vectors is too large to fit in FLASH memory segment)
                0x00000200                        . = ALIGN (0x4)

.ctors          0x00000200        0x0
                0x00000200                        __ctors_start = .
                0x00000200                        __CTOR_LIST__ = .
 *crtbegin*.o(.ctors)
 *(EXCLUDE_FILE(*crtend*.o) .ctors)
 *(SORT_BY_NAME(.ctors.*))
 *(.ctors)
                0x00000200                        __CTOR_END__ = .
                0x00000000                        __ctors_size = SIZEOF (.ctors)
                0x00000200                        __ctors_end = (__ctors_start + __ctors_size)
                0x00000001                        ASSERT (((__ctors_start == __ctors_end) || ((__ctors_end - ORIGIN (FLASH)) <= LENGTH (FLASH))), error: .ctors is too large to fit in FLASH memory segment)
                0x00000200                        . = ALIGN (0x4)

.dtors          0x00000200        0x0
                0x00000200                        __dtors_start = .
                0x00000200                        __DTOR_LIST__ = .
 *crtbegin*.o(.dtors)
 *(EXCLUDE_FILE(*crtend*.o) .dtors)
 *(SORT_BY_NAME(.dtors.*))
 *(.dtors)
                0x00000200                        __DTOR_END__ = .
                0x00000000                        __dtors_size = SIZEOF (.dtors)
                0x00000200                        __dtors_end = (__dtors_start + __dtors_size)
                0x00000001                        ASSERT (((__dtors_start == __dtors_end) || ((__dtors_end - ORIGIN (FLASH)) <= LENGTH (FLASH))), error: .dtors is too large to fit in FLASH memory segment)
                0x00000200                        . = ALIGN (0x4)

.rodata         0x00000200        0x0
                0x00000200                        . = ALIGN (0x4)
                0x00000200                        __rodata_start = .
 *(.rodata*)
 *(.srodata .srodata.*)
                0x00000000                        __rodata_size = SIZEOF (.rodata)
                0x00000200                        __rodata_end = (__rodata_start + __rodata_size)
                0x00000001                        ASSERT (((__rodata_start == __rodata_end) || ((__rodata_end - ORIGIN (FLASH)) <= LENGTH (FLASH))), error: .rodata is too large to fit in FLASH memory segment)

.ARM.exidx      0x00000200        0x8
 .ARM.exidx     0x00000200        0x8 /Applications/ArmGNUToolchain/14.3.rel1/arm-none-eabi/bin/../lib/gcc/arm-none-eabi/14.3.1/../../../../arm-none-eabi/lib/thumb/v7e-m+fp/hard/crt0.o
                                 0x10 (size before relaxing)
                0x00000208                        . = ALIGN (0x4)

.text           0x00000208      0x698
                0x00000208                        __text_start = .
 *(.startup)
 *(.startup*)
 *(.text*)
 .text.deregister_tm_clones
                0x00000208       0x1c /Applications/ArmGNUToolchain/14.3.rel1/arm-none-eabi/bin/../lib/gcc/arm-none-eabi/14.3.1/thumb/v7e-m+fp/hard/crtbegin.o
 .text.register_tm_clones
                0x00000224       0x24 /Applications/ArmGNUToolchain/14.3.rel1/arm-none-eabi/bin/../lib/gcc/arm-none-eabi/14.3.1/thumb/v7e-m+fp/hard/crtbegin.o
 .text.__do_global_dtors_aux
                0x00000248       0x28 /Applications/ArmGNUToolchain/14.3.rel1/arm-none-eabi/bin/../lib/gcc/arm-none-eabi/14.3.1/thumb/v7e-m+fp/hard/crtbegin.o
 .text.frame_dummy
                0x00000270       0x24 /Applications/ArmGNUToolchain/14.3.rel1/arm-none-eabi/bin/../lib/gcc/arm-none-eabi/14.3.1/thumb/v7e-m+fp/hard/crtbegin.o
 .text          0x00000294       0x7c /Applications/ArmGNUToolchain/14.3.rel1/arm-none-eabi/bin/../lib/gcc/arm-none-eabi/14.3.1/../../../../arm-none-eabi/lib/thumb/v7e-m+fp/hard/crt0.o
                0x00000294                _stack_init
                0x0000029c                _mainCRTStartup
                0x0000029c                _start
 .text.SystemInit
                0x00000310      0x14c build/system_nrf52.c.o
                0x00000310                SystemInit
 .text          0x0000045c       0x84 build/gcc_startup_nrf52840.S.o
                0x0000045c                Reset_Handler
                0x000004cc                NMI_Handler
                0x000004ce                HardFault_Handler
                0x000004d0                MemoryManagement_Handler
                0x000004d2                BusFault_Handler
                0x000004d4                UsageFault_Handler
                0x000004d6                SVC_Handler
                0x000004d8                DebugMon_Handler
                0x000004da                PendSV_Handler
                0x000004dc                SysTick_Handler
                0x000004de                QDEC_IRQHandler
                0x000004de                TIMER3_IRQHandler
                0x000004de                PWM3_IRQHandler
                0x000004de                FPU_IRQHandler
                0x000004de                USBD_IRQHandler
                0x000004de                SPIM0_SPIS0_TWIM0_TWIS0_SPI0_TWI0_IRQHandler
                0x000004de                UARTE0_UART0_IRQHandler
                0x000004de                TIMER4_IRQHandler
                0x000004de                CRYPTOCELL_IRQHandler
                0x000004de                I2S_IRQHandler
                0x000004de                SWI4_EGU4_IRQHandler
                0x000004de                UARTE1_IRQHandler
                0x000004de                TIMER1_IRQHandler
                0x000004de                SPIM3_IRQHandler
                0x000004de                PWM2_IRQHandler
                0x000004de                ECB_IRQHandler
                0x000004de                SPIM1_SPIS1_TWIM1_TWIS1_SPI1_TWI1_IRQHandler
                0x000004de                Default_Handler
                0x000004de                SAADC_IRQHandler
                0x000004de                CCM_AAR_IRQHandler
                0x000004de                WDT_IRQHandler
                0x000004de                SWI5_EGU5_IRQHandler
                0x000004de                RNG_IRQHandler
                0x000004de                RTC2_IRQHandler
                0x000004de                PWM0_IRQHandler
                0x000004de                SWI3_EGU3_IRQHandler
                0x000004de                RTC1_IRQHandler
                0x000004de                SWI1_EGU1_IRQHandler
                0x000004de                SPIM2_SPIS2_SPI2_IRQHandler
                0x000004de                NFCT_IRQHandler
                0x000004de                MWU_IRQHandler
                0x000004de                QSPI_IRQHandler
                0x000004de                TIMER2_IRQHandler
                0x000004de                COMP_LPCOMP_IRQHandler
                0x000004de                RTC0_IRQHandler
                0x000004de                SWI0_EGU0_IRQHandler
                0x000004de                SWI2_EGU2_IRQHandler
                0x000004de                GPIOTE_IRQHandler
                0x000004de                PWM1_IRQHandler
                0x000004de                POWER_CLOCK_IRQHandler
                0x000004de                RADIO_IRQHandler
                0x000004de                PDM_IRQHandler
                0x000004de                TEMP_IRQHandler
 .text.startup.main
                0x000004e0       0xdc build/task4.c.o
                0x000004e0                main
 .text.TIMER0_IRQHandler
                0x000005bc       0x20 build/task4.c.o
                0x000005bc                TIMER0_IRQHandler
 .text.exit     0x000005dc       0x1c /Applications/ArmGNUToolchain/14.3.rel1/arm-none-eabi/bin/../lib/gcc/arm-none-eabi/14.3.1/../../../../arm-none-eabi/lib/thumb/v7e-m+fp/hard/libg.a(libc_a-exit.o)
                0x000005dc                exit
 .text.memset   0x000005f8       0x9c /Applications/ArmGNUToolchain/14.3.rel1/arm-none-eabi/bin/../lib/gcc/arm-none-eabi/14.3.1/../../../../arm-none-eabi/lib/thumb/v7e-m+fp/hard/libg.a(libc_a-memset.o)
                0x000005f8                memset
 .text.__libc_init_array
                0x00000694       0x50 /Applications/ArmGNUToolchain/14.3.rel1/arm-none-eabi/bin/../lib/gcc/arm-none-eabi/14.3.1/../../../../arm-none-eabi/lib/thumb/v7e-m+fp/hard/libg.a(libc_a-init.o)
                0x00000694                __libc_init_array
 .text.__retarget_lock_acquire_recursive
                0x000006e4        0x4 /Applications/ArmGNUToolchain/14.3.rel1/arm-none-eabi/bin/../lib/gcc/arm-none-eabi/14.3.1/../../../../arm-none-eabi/lib/thumb/v7e-m+fp/hard/libg.a(libc_a-lock.o)
                0x000006e4                __retarget_lock_acquire_recursive
 .text.__retarget_lock_release_recursive
                0x000006e8        0x4 /Applications/ArmGNUToolchain/14.3.rel1/arm-none-eabi/bin/../lib/gcc/arm-none-eabi/14.3.1/../../../../arm-none-eabi/lib/thumb/v7e-m+fp/hard/libg.a(libc_a-lock.o)
                0x000006e8                __retarget_lock_release_recursive
 .text.startup.register_fini
                0x000006ec       0x14 /Applications/ArmGNUToolchain/14.3.rel1/arm-none-eabi/bin/../lib/gcc/arm-none-eabi/14.3.1/../../../../arm-none-eabi/lib/thumb/v7e-m+fp/hard/libg.a(libc_a-__call_atexit.o)
 .text.__call_exitprocs
                0x00000700       0xc0 /Applications/ArmGNUToolchain/14.3.rel1/arm-none-eabi/bin/../lib/gcc/arm-none-eabi/14.3.1/../../../../arm-none-eabi/lib/thumb/v7e-m+fp/hard/libg.a(libc_a-__call_atexit.o)
                0x00000700                __call_exitprocs
 .text.atexit   0x000007c0        0xc /Applications/ArmGNUToolchain/14.3.rel1/arm-none-eabi/bin/../lib/gcc/arm-none-eabi/14.3.1/../../../../arm-none-eabi/lib/thumb/v7e-m+fp/hard/libg.a(libc_a-atexit.o)
                0x000007c0                atexit
 .text.__libc_fini_array
                0x000007cc       0x28 /Applications/ArmGNUToolchain/14.3.rel1/arm-none-eabi/bin/../lib/gcc/arm-none-eabi/14.3.1/../../../../arm-none-eabi/lib/thumb/v7e-m+fp/hard/libg.a(libc_a-fini.o)
                0x000007cc                __libc_fini_array
 .text.__register_exitproc
                0x000007f4       0x80 /Applications/ArmGNUToolchain/14.3.rel1/arm-none-eabi/bin/../lib/gcc/arm-none-eabi/14.3.1/../../../../arm-none-eabi/lib/thumb/v7e-m+fp/hard/libg.a(libc_a-__atexit.o)
                0x000007f4                __register_exitproc
 .text._exit    0x00000874        0x4 /Applications/ArmGNUToolchain/14.3.rel1/arm-none-eabi/bin/../lib/gcc/arm-none-eabi/14.3.1/../../../../arm-none-eabi/lib/thumb/v7e-m+fp/hard/libnosys.a(_exit.o)
                0x00000874                _exit
                0x00000878                        . = ALIGN (0x4)
 *(.init)
 .init          0x00000878        0x4 /Applications/ArmGNUToolchain/14.3.rel1/arm-none-eabi/bin/../lib/gcc/arm-none-eabi/14.3.1/thumb/v7e-m+fp/hard/crti.o
                0x00000878                _init
 .init          0x0000087c        0x8 /Applications/ArmGNUToolchain/14.3.rel1/arm-none-eabi/bin/../lib/gcc/arm-none-eabi/14.3.1/thumb/v7e-m+fp/hard/crtn.o
                0x00000884                        . = ALIGN (0x4)
                0x00000884                        __preinit_array_start = .
 *(.preinit_array)
                0x00000884                        __preinit_array_end = .
                0x00000884                        . = ALIGN (0x4)
                0x00000884                        __init_array_start = .
 *(SORT_BY_NAME(.init_array.*))
 .init_array.00000
                0x00000884        0x4 /Applications/ArmGNUToolchain/14.3.rel1/arm-none-eabi/bin/../lib/gcc/arm-none-eabi/14.3.1/../../../../arm-none-eabi/lib/thumb/v7e-m+fp/hard/libg.a(libc_a-__call_atexit.o)
 *(.init_array)
 .init_array    0x00000888        0x4 /Applications/ArmGNUToolchain/14.3.rel1/arm-none-eabi/bin/../lib/gcc/arm-none-eabi/14.3.1/thumb/v7e-m+fp/hard/crtbegin.o
                0x0000088c                        __init_array_end = .
 *(.fini)
 .fini          0x0000088c        0x4 /Applications/ArmGNUToolchain/14.3.rel1/arm-none-eabi/bin/../lib/gcc/arm-none-eabi/14.3.1/thumb/v7e-m+fp/hard/crti.o
                0x0000088c                _fini
 .fini          0x00000890        0x8 /Applications/ArmGNUToolchain/14.3.rel1/arm-none-eabi/bin/../lib/gcc/arm-none-eabi/14.3.1/thumb/v7e-m+fp/hard/crtn.o
                0x00000898                        . = ALIGN (0x4)
                0x00000898                        __fini_array_start = .
 *(.fini_array)
 .fini_array    0x00000898        0x4 /Applications/ArmGNUToolchain/14.3.rel1/arm-none-eabi/bin/../lib/gcc/arm-none-eabi/14.3.1/thumb/v7e-m+fp/hard/crtbegin.o
 *(SORT_BY_NAME(.fini_array.*))
                0x0000089c                        __fini_array_end = .
                0x0000089c                        . = ALIGN (0x4)
 *(.eh_frame*)
 .eh_frame      0x0000089c        0x0 /Applications/ArmGNUToolchain/14.3.rel1/arm-none-eabi/bin/../lib/gcc/arm-none-eabi/14.3.1/thumb/v7e-m+fp/hard/crtbegin.o
 .eh_frame      0x0000089c        0x4 /Applications/ArmGNUToolchain/14.3.rel1/arm-none-eabi/bin/../lib/gcc/arm-none-eabi/14.3.1/thumb/v7e-m+fp/hard/crtend.o
                0x000008a0                        . = ALIGN (0x4)
 *(.eh_frame_hdr)
                0x000008a0                        . = ALIGN (0x4)
 *(.hash)
 *(.gnu.hash)
                0x000008a0                        . = ALIGN (0x4)
 *(.gnu_extab* .gnu.linkonce.extab.*)
                0x000008a0                        . = ALIGN (0x4)
                0x000008a0                        __exidx_start = .
 *(.gnu_exidx* .gnu.linkonce.exidx.*)
                0x000008a0                        . = ALIGN (0x4)
                0x000008a0                        __exidx_end = .
                0x00000698                        __text_size = SIZEOF (.text)
                0x000008a0                        __text_end = (__text_start + __text_size)
                0x00000001                        ASSERT (((__text_start == __text_end) || ((__text_end - ORIGIN (FLASH)) <= LENGTH (FLASH))), error: .text is too large to fit in FLASH memory segment)

.glue_7         0x000008a0        0x0
 .glue_7        0x000008a0        0x0 linker stubs

.glue_7t        0x000008a0        0x0
 .glue_7t       0x000008a0        0x0 linker stubs

.vfp11_veneer   0x000008a0        0x0
 .vfp11_veneer  0x000008a0        0x0 linker stubs

.v4_bx          0x000008a0        0x0
 .v4_bx         0x000008a0        0x0 linker stubs

.iplt           0x000008a0        0x0
 .iplt          0x000008a0        0x0 /Applications/ArmGNUToolchain/14.3.rel1/arm-none-eabi/bin/../lib/gcc/arm-none-eabi/14.3.1/thumb/v7e-m+fp/hard/crtbegin.o

.rel.dyn        0x000008a0        0x0
 .rel.iplt      0x000008a0        0x0 /Applications/ArmGNUToolchain/14.3.rel1/arm-none-eabi/bin/../lib/gcc/arm-none-eabi/14.3.1/thumb/v7e-m+fp/hard/crtbegin.o
                0x000008a0                        . = ALIGN (0x4)

.copy.table     0x000008a0       0x30
                0x000008a0                        __copy_table_start__ = .
                0x000008a0        0x4 LONG 0x8e8 __data_load_start
                0x000008a4        0x4 LONG 0x20000000 __data_start
                0x000008a8        0x4 LONG 0x1 ((__data_end - __data_start) / 0x4)
                0x000008ac        0x4 LONG 0x8ec __sdata_load_start
                0x000008b0        0x4 LONG 0x20000004 __sdata_start
                0x000008b4        0x4 LONG 0x0 ((__sdata_end - __sdata_start) / 0x4)
                0x000008b8        0x4 LONG 0x8ec __tdata_load_start
                0x000008bc        0x4 LONG 0x20000004 __tdata_start
                0x000008c0        0x4 LONG 0x0 ((__tdata_end - __tdata_start) / 0x4)
                0x000008c4        0x4 LONG 0x8ec __fast_load_start
                0x000008c8        0x4 LONG 0x20000004 __fast_start
                0x000008cc        0x4 LONG 0x0 ((__fast_end - __fast_start) / 0x4)
                0x000008d0                        __copy_table_end__ = .
                0x000008d0                        . = ALIGN (0x4)

.zero.table     0x000008d0       0x18
                0x000008d0                        __zero_table_start__ = .
                0x000008d0        0x4 LONG 0x20000004 __bss_start
                0x000008d4        0x4 LONG 0x6f ((__bss_end - __bss_start) / 0x4)
                0x000008d8        0x4 LONG 0x200001c0 __sbss_start
                0x000008dc        0x4 LONG 0x0 ((__sbss_end - __sbss_start) / 0x4)
                0x000008e0        0x4 LONG 0x200001c0 __tbss_start
                0x000008e4        0x4 LONG 0x0 ((__tbss_end - __tbss_start) / 0x4)
                0x000008e8                        __zero_table_end__ = .
                0x000008e8                        . = ALIGN (0x4)
                0x000008e8                        __etext = .
                [!provide]                        PROVIDE (etext = .)
                0x000008e8                        PROVIDE (_etext = .)
                0x000008e8                        . = ALIGN (0x4)
                0x000008e8                        __all_data_load_start = .
                0x000008e8                        __data_load_start = .

.data           0x20000000        0x4 load address 0x000008e8
                0x20000000                        . = ALIGN (0x4)
                0x20000000                        __data_start = .
                0x20000000                        __data_start__ = .
 *(vtable)
 *(.data* .gnu.linkonce.d.*)
 .data.__atexit_recursive_mutex
                0x20000000        0x4 /Applications/ArmGNUToolchain/14.3.rel1/arm-none-eabi/bin/../lib/gcc/arm-none-eabi/14.3.1/../../../../arm-none-eabi/lib/thumb/v7e-m+fp/hard/libg.a(libc_a-__call_atexit.o)
                0x20000000                __atexit_recursive_mutex
                0x20000004                        . = ALIGN (0x4)
 *(.jcr*)
                0x00000004                        __data_size = SIZEOF (.data)
                0x20000004                        __data_end = (__data_start + __data_size)
                0x20000004                        __data_end__ = __data_end
                0x000008ec                        __data_load_end = (__data_load_start + __data_size)
                0x00000001                        ASSERT (((__data_load_start == __data_load_end) || ((__data_load_end - ORIGIN (FLASH)) <= LENGTH (FLASH))), error: .data is too large to fit in FLASH memory segment)
                0x00000001                        ASSERT (((__data_start == __data_end) || ((__data_end - ORIGIN (RAM)) <= LENGTH (RAM))), error: .data is too large to fit in RAM memory segment)

.tm_clone_table
                0x20000004        0x0 load address 0x000008ec
 .tm_clone_table
                0x20000004        0x0 /Applications/ArmGNUToolchain/14.3.rel1/arm-none-eabi/bin/../lib/gcc/arm-none-eabi/14.3.1/thumb/v7e-m+fp/hard/crtbegin.o
 .tm_clone_table
                0x20000004        0x0 /Applications/ArmGNUToolchain/14.3.rel1/arm-none-eabi/bin/../lib/gcc/arm-none-eabi/14.3.1/thumb/v7e-m+fp/hard/crtend.o

.igot.plt       0x20000004        0x0 load address 0x000008ec
 .igot.plt      0x20000004        0x0 /Applications/ArmGNUToolchain/14.3.rel1/arm-none-eabi/bin/../lib/gcc/arm-none-eabi/14.3.1/thumb/v7e-m+fp/hard/crtbegin.o
                0x20000004                        . = ALIGN (0x4)
                0x000008ec                        __sdata_load_start = ALIGN (__data_load_end, 0x4)

.sdata          0x20000004        0x0 load address 0x000008ec
                0x20000004                        . = ALIGN (0x4)
                0x20000004                        __sdata_start = .
 *(.sdata .sdata.* .gnu.linkonce.s.*)
 *(.sdata2 .sdata2.* .gnu.linkonce.s2.*)
                0x00000000                        __sdata_size = SIZEOF (.sdata)
                0x20000004                        __sdata_end = (__sdata_start + __sdata_size)
                0x000008ec                        __sdata_load_end = (__sdata_load_start + __sdata_size)
                0x00000001                        ASSERT (((__sdata_load_start == __sdata_load_end) || ((__sdata_load_end - ORIGIN (FLASH)) <= LENGTH (FLASH))), error: .sdata is too large to fit in FLASH memory segment)
                0x00000001                        ASSERT (((__sdata_start == __sdata_end) || ((__sdata_end - ORIGIN (RAM)) <= LENGTH (RAM))), error: .sdata is too large to fit in RAM memory segment)
                0x20000004                        . = ALIGN (0x4)
                0x000008ec                        __tdata_load_start = ALIGN (__sdata_load_end, 0x4)

.tdata          0x20000004        0x0 load address 0x000008ec
                0x20000004                        . = ALIGN (0x4)
                0x20000004                        __tdata_start = .
 *(.tdata .tdata.* .gnu.linkonce.td.*)
 *(.stdata .stdata.*)
                0x00000000                        __tdata_size = SIZEOF (.tdata)
                0x20000004                        __tdata_end = (__tdata_start + __tdata_size)
                0x000008ec                        __tdata_load_end = (__tdata_load_start + __tdata_size)
                0x00000001                        ASSERT (((__tdata_load_start == __tdata_load_end) || ((__tdata_load_end - ORIGIN (FLASH)) <= LENGTH (FLASH))), error: .tdata is too large to fit in FLASH memory segment)
                0x00000001                        ASSERT (((__tdata_start == __tdata_end) || ((__tdata_end - ORIGIN (RAM)) <= LENGTH (RAM))), error: .tdata is too large to fit in RAM memory segment)
                0x20000004                        . = ALIGN (0x4)
                0x000008ec                        __fast_load_start = ALIGN (__tdata_load_end, 0x4)

.fast           0x20000004        0x0 load address 0x000008ec
                0x20000004                        . = ALIGN (0x4)
                0x20000004                        __fast_start = .
 *(.fast .fast.*)
 *(.fastcode .fastcode.*)
 *(.fastdata .fastdata.*)
 *(.ramcode*)
                0x00000000                        __fast_size = SIZEOF (.fast)
                0x20000004                        __fast_end = (__fast_start + __fast_size)
                0x000008ec                        __fast_load_end = (__fast_load_start + __fast_size)
                0x00000001                        ASSERT (((__fast_load_start == __fast_load_end) || ((__fast_load_end - ORIGIN (FLASH)) <= LENGTH (FLASH))), error: .fast is too large to fit in FLASH memory segment)
                0x00000001                        ASSERT (((__fast_start == __fast_end) || ((__fast_end - ORIGIN (RAM)) <= LENGTH (RAM))), error: .fast is too large to fit in RAM memory segment)
                0x20000004                        . = ALIGN (0x4)
                0x20000004                        _edata = .
                [!provide]                        PROVIDE (edata = .)
                [!provide]                        PROVIDE (__edata = .)
                0x20000004                        . = ALIGN (0x4)

.noinit         0x20000004        0x0
                0x20000004                        __noinit_start = .
                [!provide]                        PROVIDE (__noinit_start__ = .)
 *(.noinit .noinit.*)
 *(.no_init .no_init.*)
 *(.noninit .noninit.*)
 *(.non_init .non_init.*)
                0x20000004                        . = ALIGN (0x4)
                0x00000000                        __noinit_size = SIZEOF (.noinit)
                0x20000004                        __noinit_end = (__noinit_start + __noinit_size)
                0x20000004                        __noinit_end__ = __noinit_end
                0x00000001                        ASSERT (((__noinit_start == __noinit_end) || ((__noinit_end - ORIGIN (RAM)) <= LENGTH (RAM))), error: .noinit is too large to fit in RAM memory segment)
                0x20000004                        . = ALIGN (0x4)

.bss            0x20000004      0x1bc load address 0x000008ec
                0x20000004                        __bss_start = .
                0x20000004                        PROVIDE (__bss_start__ = .)
 *(.bss* .gnu.linkonce.b.*)
 .bss.completed.1
                0x20000004        0x1 /Applications/ArmGNUToolchain/14.3.rel1/arm-none-eabi/bin/../lib/gcc/arm-none-eabi/14.3.1/thumb/v7e-m+fp/hard/crtbegin.o
 *fill*         0x20000005        0x3 
 .bss.object.0  0x20000008       0x18 /Applications/ArmGNUToolchain/14.3.rel1/arm-none-eabi/bin/../lib/gcc/arm-none-eabi/14.3.1/thumb/v7e-m+fp/hard/crtbegin.o
 .bss.timer_event_flag
                0x20000020        0x1 build/task4.c.o
                0x20000020                timer_event_flag
 *fill*         0x20000021        0x3 
 .bss.__stdio_exit_handler
                0x20000024        0x4 /Applications/ArmGNUToolchain/14.3.rel1/arm-none-eabi/bin/../lib/gcc/arm-none-eabi/14.3.1/../../../../arm-none-eabi/lib/thumb/v7e-m+fp/hard/libg.a(libc_a-findfp.o)
                0x20000024                __stdio_exit_handler
 .bss.__lock___atexit_recursive_mutex
                0x20000028        0x1 /Applications/ArmGNUToolchain/14.3.rel1/arm-none-eabi/bin/../lib/gcc/arm-none-eabi/14.3.1/../../../../arm-none-eabi/lib/thumb/v7e-m+fp/hard/libg.a(libc_a-lock.o)
                0x20000028                __lock___atexit_recursive_mutex
 *fill*         0x20000029        0x3 
 .bss.__atexit  0x2000002c        0x4 /Applications/ArmGNUToolchain/14.3.rel1/arm-none-eabi/bin/../lib/gcc/arm-none-eabi/14.3.1/../../../../arm-none-eabi/lib/thumb/v7e-m+fp/hard/libg.a(libc_a-__call_atexit.o)
                0x2000002c                __atexit
 .bss.__atexit0
                0x20000030      0x190 /Applications/ArmGNUToolchain/14.3.rel1/arm-none-eabi/bin/../lib/gcc/arm-none-eabi/14.3.1/../../../../arm-none-eabi/lib/thumb/v7e-m+fp/hard/libg.a(libc_a-__atexit.o)
                0x20000030                __atexit0
 *(.dynbss)
 *(COMMON)
                0x200001c0                        . = ALIGN (0x4)
                0x000001bc                        __bss_size = SIZEOF (.bss)
                0x200001c0                        __bss_end = (__bss_start + __bss_size)
                0x200001c0                        __bss_end__ = __bss_end
                0x00000001                        ASSERT (((__bss_start == __bss_end) || ((__bss_end - ORIGIN (RAM)) <= LENGTH (RAM))), error: .bss is too large to fit in RAM memory segment)
                0x200001c0                        . = ALIGN (0x4)

.sbss           0x200001c0        0x0
                0x200001c0                        __sbss_start = .
                0x200001c0                        __sbss_start__ = __sbss_start
 *(.sbss .sbss.* .gnu.linkonce.sb.*)
 *(.sbss2 .sbss2.* .gnu.linkonce.sb2.*)
 *(.dynsbss)
                0x200001c0                        . = ALIGN (0x4)
                0x00000000                        __sbss_size = SIZEOF (.sbss)
                0x200001c0                        __sbss_end = (__sbss_start + __sbss_size)
                0x200001c0                        __sbss_end__ = __sbss_end
                0x00000001                        ASSERT (((__sbss_start == __sbss_end) || ((__sbss_end - ORIGIN (RAM)) <= LENGTH (RAM))), error: .sbss is too large to fit in RAM memory segment)
                0x200001c0                        . = ALIGN (0x4)

.tbss           0x200001c0        0x0
                0x200001c0                        __tbss_start = .
                0x200001c0                        __tbss_start__ = __tbss_start
                0x200001c0                        . = ALIGN (0x4)
 *(.tbss .tbss.* .gnu.linkonce.tb.*)
 *(.tcommon)
 *(.stbss .stbss.*)
                0x200001c0                        . = ALIGN (0x4)
                0x00000000                        __tbss_size = SIZEOF (.tbss)
                0x200001c0                        __tbss_end = (__tbss_start + __tbss_size)
                0x200001c0                        __tbss_end__ = __tbss_end
                0x00000001                        ASSERT (((__tbss_start == __tbss_end) || ((__tbss_end - ORIGIN (RAM)) <= LENGTH (RAM))), error: .tbss is too large to fit in RAM memory segment)
                0x200001c0                        . = ALIGN (0x4)
                0x200001c0                        . = SEGMENT_START ("ldata-segment", .)
                0x200001c0                        . = ALIGN (0x4)

.heap           0x200001c0     0x4000
                0x200001c0                        __heap_start = .
                0x200001c0                        __HeapBase = .
                0x200001c0                        __heap_base = .
                0x200001c0                        __end = .
                0x200001c0                        PROVIDE (end = .)
                [!provide]                        PROVIDE (_end = .)
                [!provide]                        PROVIDE (__end__ = .)
 *(.heap*)
 .heap          0x200001c0     0x4000 build/gcc_startup_nrf52840.S.o
                0x200041c0                        __HeapLimit = .
                0x200041c0                        __heap_limit = .
                0x200041c0                        __heap_end = .

.stack_dummy    0x200001c0     0x4000
 *(.stack*)
 .stack         0x200001c0     0x4000 build/gcc_startup_nrf52840.S.o
                0x20040000                        __stack_end = (ORIGIN (RAM) + LENGTH (RAM))
                0x20040000                        __StackTop = (ORIGIN (RAM) + LENGTH (RAM))
                0x2003c000                        __StackLimit = (__StackTop - SIZEOF (.stack_dummy))
                0x20040000                        PROVIDE (__stack = __StackTop)
                0x00000001                        ASSERT ((__StackLimit >= __HeapLimit), region RAM overflowed with stack)
                0x00000004                        DataInitFlashUsed = (__bss_start - __data_start)
                0x000008e8                        CodeFlashUsed = (_etext - ORIGIN (FLASH))
                0x000008ec                        TotalFlashUsed = (CodeFlashUsed + DataInitFlashUsed)
                0x00000001                        ASSERT ((TotalFlashUsed <= LENGTH (FLASH)), region FLASH overflowed with .data and user data)
OUTPUT(build/build4.elf elf32-littlearm)
LOAD linker stubs

.ARM.attributes
                0x00000000       0x30
 .ARM.attributes
                0x00000000       0x22 /Applications/ArmGNUToolchain/14.3.rel1/arm-none-eabi/bin/../lib/gcc/arm-none-eabi/14.3.1/thumb/v7e-m+fp/hard/crti.o
 .ARM.attributes
                0x00000022       0x34 /Applications/ArmGNUToolchain/14.3.rel1/arm-none-eabi/bin/../lib/gcc/arm-none-eabi/14.3.1/thumb/v7e-m+fp/hard/crtbegin.o
 .ARM.attributes
                0x00000056       0x20 /Applications/ArmGNUToolchain/14.3.rel1/arm-none-eabi/bin/../lib/gcc/arm-none-eabi/14.3.1/../../../../arm-none-eabi/lib/thumb/v7e-m+fp/hard/crt0.o
 .ARM.attributes
                0x00000076       0x34 build/system_nrf52.c.o
 .ARM.attributes
                0x000000aa       0x20 build/gcc_startup_nrf52840.S.o
 .ARM.attributes
                0x000000ca       0x34 build/task4.c.o
 .ARM.attributes
                0x000000fe       0x34 /Applications/ArmGNUToolchain/14.3.rel1/arm-none-eabi/bin/../lib/gcc/arm-none-eabi/14.3.1/../../../../arm-none-eabi/lib/thumb/v7e-m+fp/hard/libg.a(libc_a-exit.o)
 .ARM.attributes
                0x00000132       0x34 /Applications/ArmGNUToolchain/14.3.rel1/arm-none-eabi/bin/../lib/gcc/arm-none-eabi/14.3.1/../../../../arm-none-eabi/lib/thumb/v7e-m+fp/hard/libg.a(libc_a-findfp.o)
 .ARM.attributes
                0x00000166       0x34 /Applications/ArmGNUToolchain/14.3.rel1/arm-none-eabi/bin/../lib/gcc/arm-none-eabi/14.3.1/../../../../arm-none-eabi/lib/thumb/v7e-m+fp/hard/libg.a(libc_a-memset.o)
 .ARM.attributes
                0x0000019a       0x34 /Applications/ArmGNUToolchain/14.3.rel1/arm-none-eabi/bin/../lib/gcc/arm-none-eabi/14.3.1/../../../../arm-none-eabi/lib/thumb/v7e-m+fp/hard/libg.a(libc_a-init.o)
 .ARM.attributes
                0x000001ce       0x34 /Applications/ArmGNUToolchain/14.3.rel1/arm-none-eabi/bin/../lib/gcc/arm-none-eabi/14.3.1/../../../../arm-none-eabi/lib/thumb/v7e-m+fp/hard/libg.a(libc_a-lock.o)
 .ARM.attributes
                0x00000202       0x34 /Applications/ArmGNUToolchain/14.3.rel1/arm-none-eabi/bin/../lib/gcc/arm-none-eabi/14.3.1/../../../../arm-none-eabi/lib/thumb/v7e-m+fp/hard/libg.a(libc_a-__call_atexit.o)
 .ARM.attributes
                0x00000236       0x34 /Applications/ArmGNUToolchain/14.3.rel1/arm-none-eabi/bin/../lib/gcc/arm-none-eabi/14.3.1/../../../../arm-none-eabi/lib/thumb/v7e-m+fp/hard/libg.a(libc_a-atexit.o)
 .ARM.attributes
                0x0000026a       0x34 /Applications/ArmGNUToolchain/14.3.rel1/arm-none-eabi/bin/../lib/gcc/arm-none-eabi/14.3.1/../../../../arm-none-eabi/lib/thumb/v7e-m+fp/hard/libg.a(libc_a-fini.o)
 .ARM.attributes
                0x0000029e       0x34 /Applications/ArmGNUToolchain/14.3.rel1/arm-none-eabi/bin/../lib/gcc/arm-none-eabi/14.3.1/../../../../arm-none-eabi/lib/thumb/v7e-m+fp/hard/libg.a(libc_a-__atexit.o)
 .ARM.attributes
                0x000002d2       0x34 /Applications/ArmGNUToolchain/14.3.rel1/arm-none-eabi/bin/../lib/gcc/arm-none-eabi/14.3.1/../../../../arm-none-eabi/lib/thumb/v7e-m+fp/hard/libnosys.a(_exit.o)
 .ARM.attributes
                0x00000306       0x34 /Applications/ArmGNUToolchain/14.3.rel1/arm-none-eabi/bin/../lib/gcc/arm-none-eabi/14.3.1/thumb/v7e-m+fp/hard/crtend.o
 .ARM.attributes
                0x0000033a       0x22 /Applications/ArmGNUToolchain/14.3.rel1/arm-none-eabi/bin/../lib/gcc/arm-none-eabi/14.3.1/thumb/v7e-m+fp/hard/crtn.o

.comment        0x00000000       0x46
 .comment       0x00000000       0x46 build/system_nrf52.c.o
                                 0x47 (size before relaxing)
 .comment       0x00000046       0x47 build/task4.c.o

.debug_line_str
                0x00000000      0x11a
 .debug_line_str
                0x00000000      0x11a /Applications/ArmGNUToolchain/14.3.rel1/arm-none-eabi/bin/../lib/gcc/arm-none-eabi/14.3.1/../../../../arm-none-eabi/lib/thumb/v7e-m+fp/hard/crt0.o
                                 0xdf (size before relaxing)
 .debug_line_str
                0x0000011a       0x3b build/gcc_startup_nrf52840.S.o

.debug_info     0x00000000     0x208c
 .debug_info    0x00000000     0x1678 build/system_nrf52.c.o
 .debug_info    0x00001678      0x2e5 build/gcc_startup_nrf52840.S.o
 .debug_info    0x0000195d      0x72f build/task4.c.o

.debug_abbrev   0x00000000      0x4ad
 .debug_abbrev  0x00000000      0x2f8 build/system_nrf52.c.o
 .debug_abbrev  0x000002f8       0x28 build/gcc_startup_nrf52840.S.o
 .debug_abbrev  0x00000320      0x18d build/task4.c.o

.debug_loclists
                0x00000000      0x179
 .debug_loclists
                0x00000000      0x122 build/system_nrf52.c.o
 .debug_loclists
                0x00000122       0x57 build/task4.c.o

.debug_aranges  0x00000000       0x80
 .debug_aranges
                0x00000000       0x38 build/system_nrf52.c.o
 .debug_aranges
                0x00000038       0x20 build/gcc_startup_nrf52840.S.o
 .debug_aranges
                0x00000058       0x28 build/task4.c.o

.debug_rnglists
                0x00000000       0x7f
 .debug_rnglists
                0x00000000       0x65 build/system_nrf52.c.o
 .debug_rnglists
                0x00000065       0x1a build/task4.c.o

.debug_macro    0x00000000    0x15152
 .debug_macro   0x00000000      0x168 build/system_nrf52.c.o
 .debug_macro   0x00000168      0xad8 build/system_nrf52.c.o
 .debug_macro   0x00000c40       0x22 build/system_nrf52.c.o
 .debug_macro   0x00000c62       0x8e build/system_nrf52.c.o
 .debug_macro   0x00000cf0       0x51 build/system_nrf52.c.o
 .debug_macro   0x00000d41      0x103 build/system_nrf52.c.o
 .debug_macro   0x00000e44       0x6a build/system_nrf52.c.o
 .debug_macro   0x00000eae      0x1df build/system_nrf52.c.o
 .debug_macro   0x0000108d       0x22 build/system_nrf52.c.o
 .debug_macro   0x000010af       0x22 build/system_nrf52.c.o
 .debug_macro   0x000010d1       0x42 build/system_nrf52.c.o
 .debug_macro   0x00001113       0x1c build/system_nrf52.c.o
 .debug_macro   0x0000112f       0x22 build/system_nrf52.c.o
 .debug_macro   0x00001151      0x107 build/system_nrf52.c.o
 .debug_macro   0x00001258     0x1057 build/system_nrf52.c.o
 .debug_macro   0x000022af      0x11f build/system_nrf52.c.o
 .debug_macro   0x000023ce      0x410 build/system_nrf52.c.o
 .debug_macro   0x000027de    0x10d78 build/system_nrf52.c.o
 .debug_macro   0x00013556      0xa63 build/system_nrf52.c.o
 .debug_macro   0x00013fb9       0x94 build/system_nrf52.c.o
 .debug_macro   0x0001404d       0x6a build/system_nrf52.c.o
 .debug_macro   0x000140b7      0x45d build/system_nrf52.c.o
 .debug_macro   0x00014514      0xb32 build/system_nrf52.c.o
 .debug_macro   0x00015046      0x10c build/task4.c.o

.debug_line     0x00000000      0xbcb
 .debug_line    0x00000000      0x6b9 build/system_nrf52.c.o
 .debug_line    0x000006b9       0x7f build/gcc_startup_nrf52840.S.o
 .debug_line    0x00000738      0x493 build/task4.c.o

.debug_str      0x00000000    0x7b03a
 .debug_str     0x00000000    0x7b03a build/system_nrf52.c.o
                              0x7b8df (size before relaxing)
 .debug_str     0x0007b03a      0x43b build/gcc_startup_nrf52840.S.o
 .debug_str     0x0007b03a    0x763c5 build/task4.c.o

.debug_frame    0x00000000      0x40c
 .debug_frame   0x00000000       0x5c build/system_nrf52.c.o
 .debug_frame   0x0000005c       0x40 build/task4.c.o
 .debug_frame   0x0000009c       0x28 /Applications/ArmGNUToolchain/14.3.rel1/arm-none-eabi/bin/../lib/gcc/arm-none-eabi/14.3.1/../../../../arm-none-eabi/lib/thumb/v7e-m+fp/hard/libg.a(libc_a-exit.o)
 .debug_frame   0x000000c4      0x13c /Applications/ArmGNUToolchain/14.3.rel1/arm-none-eabi/bin/../lib/gcc/arm-none-eabi/14.3.1/../../../../arm-none-eabi/lib/thumb/v7e-m+fp/hard/libg.a(libc_a-findfp.o)
 .debug_frame   0x00000200       0x2c /Applications/ArmGNUToolchain/14.3.rel1/arm-none-eabi/bin/../lib/gcc/arm-none-eabi/14.3.1/../../../../arm-none-eabi/lib/thumb/v7e-m+fp/hard/libg.a(libc_a-memset.o)
 .debug_frame   0x0000022c       0x2c /Applications/ArmGNUToolchain/14.3.rel1/arm-none-eabi/bin/../lib/gcc/arm-none-eabi/14.3.1/../../../../arm-none-eabi/lib/thumb/v7e-m+fp/hard/libg.a(libc_a-init.o)
 .debug_frame   0x00000258       0xb0 /Applications/ArmGNUToolchain/14.3.rel1/arm-none-eabi/bin/../lib/gcc/arm-none-eabi/14.3.1/../../../../arm-none-eabi/lib/thumb/v7e-m+fp/hard/libg.a(libc_a-lock.o)
 .debug_frame   0x00000308       0x5c /Applications/ArmGNUToolchain/14.3.rel1/arm-none-eabi/bin/../lib/gcc/arm-none-eabi/14.3.1/../../../../arm-none-eabi/lib/thumb/v7e-m+fp/hard/libg.a(libc_a-__call_atexit.o)
 .debug_frame   0x00000364       0x20 /Applications/ArmGNUToolchain/14.3.rel1/arm-none-eabi/bin/../lib/gcc/arm-none-eabi/14.3.1/../../../../arm-none-eabi/lib/thumb/v7e-m+fp/hard/libg.a(libc_a-atexit.o)
 .debug_frame   0x00000384       0x34 /Applications/ArmGNUToolchain/14.3.rel1/arm-none-eabi/bin/../lib/gcc/arm-none-eabi/14.3.1/../../../../arm-none-eabi/lib/thumb/v7e-m+fp/hard/libg.a(libc_a-fini.o)
 .debug_frame   0x000003b8       0x34 /Applications/ArmGNUToolchain/14.3.rel1/arm-none-eabi/bin/../lib/gcc/arm-none-eabi/14.3.1/../../../../arm-none-eabi/lib/thumb/v7e-m+fp/hard/libg.a(libc_a-__atexit.o)
 .debug_frame   0x000003ec       0x20 /Applications/ArmGNUToolchain/14.3.rel1/arm-none-eabi/bin/../lib/gcc/arm-none-eabi/14.3.1/../../../../arm-none-eabi/lib/thumb/v7e-m+fp/hard/libnosys.a(_exit.o)
