Archive member included to satisfy reference by file (symbol)

/Applications/ArmGNUToolchain/14.3.rel1/arm-none-eabi/bin/../lib/gcc/arm-none-eabi/14.3.1/thumb/v7e-m+fp/hard/libgcc.a(_arm_muldf3.o)
                              build/printf.c.o (__aeabi_dmul)
/Applications/ArmGNUToolchain/14.3.rel1/arm-none-eabi/bin/../lib/gcc/arm-none-eabi/14.3.1/thumb/v7e-m+fp/hard/libgcc.a(_arm_addsubdf3.o)
                              build/printf.c.o (__aeabi_dsub)
/Applications/ArmGNUToolchain/14.3.rel1/arm-none-eabi/bin/../lib/gcc/arm-none-eabi/14.3.1/thumb/v7e-m+fp/hard/libgcc.a(_arm_cmpdf2.o)
                              build/printf.c.o (__aeabi_dcmpeq)
/Applications/ArmGNUToolchain/14.3.rel1/arm-none-eabi/bin/../lib/gcc/arm-none-eabi/14.3.1/thumb/v7e-m+fp/hard/libgcc.a(_arm_fixdfsi.o)
                              build/printf.c.o (__aeabi_d2iz)
/Applications/ArmGNUToolchain/14.3.rel1/arm-none-eabi/bin/../lib/gcc/arm-none-eabi/14.3.1/thumb/v7e-m+fp/hard/libgcc.a(_arm_fixunsdfsi.o)
                              build/printf.c.o (__aeabi_d2uiz)
/Applications/ArmGNUToolchain/14.3.rel1/arm-none-eabi/bin/../lib/gcc/arm-none-eabi/14.3.1/thumb/v7e-m+fp/hard/libgcc.a(_aeabi_uldivmod.o)
                              build/printf.c.o (__aeabi_uldivmod)
/Applications/ArmGNUToolchain/14.3.rel1/arm-none-eabi/bin/../lib/gcc/arm-none-eabi/14.3.1/thumb/v7e-m+fp/hard/libgcc.a(_udivmoddi4.o)
                              /Applications/ArmGNUToolchain/14.3.rel1/arm-none-eabi/bin/../lib/gcc/arm-none-eabi/14.3.1/thumb/v7e-m+fp/hard/libgcc.a(_aeabi_uldivmod.o) (__udivmoddi4)
/Applications/ArmGNUToolchain/14.3.rel1/arm-none-eabi/bin/../lib/gcc/arm-none-eabi/14.3.1/thumb/v7e-m+fp/hard/libgcc.a(_dvmd_tls.o)
                              /Applications/ArmGNUToolchain/14.3.rel1/arm-none-eabi/bin/../lib/gcc/arm-none-eabi/14.3.1/thumb/v7e-m+fp/hard/libgcc.a(_aeabi_uldivmod.o) (__aeabi_ldiv0)
/Applications/ArmGNUToolchain/14.3.rel1/arm-none-eabi/bin/../lib/gcc/arm-none-eabi/14.3.1/../../../../arm-none-eabi/lib/thumb/v7e-m+fp/hard/libg.a(libc_a-exit.o)
                              /Applications/ArmGNUToolchain/14.3.rel1/arm-none-eabi/bin/../lib/gcc/arm-none-eabi/14.3.1/../../../../arm-none-eabi/lib/thumb/v7e-m+fp/hard/crt0.o (exit)
/Applications/ArmGNUToolchain/14.3.rel1/arm-none-eabi/bin/../lib/gcc/arm-none-eabi/14.3.1/../../../../arm-none-eabi/lib/thumb/v7e-m+fp/hard/libg.a(libc_a-findfp.o)
                              /Applications/ArmGNUToolchain/14.3.rel1/arm-none-eabi/bin/../lib/gcc/arm-none-eabi/14.3.1/../../../../arm-none-eabi/lib/thumb/v7e-m+fp/hard/libg.a(libc_a-exit.o) (__stdio_exit_handler)
/Applications/ArmGNUToolchain/14.3.rel1/arm-none-eabi/bin/../lib/gcc/arm-none-eabi/14.3.1/../../../../arm-none-eabi/lib/thumb/v7e-m+fp/hard/libg.a(libc_a-memset.o)
                              /Applications/ArmGNUToolchain/14.3.rel1/arm-none-eabi/bin/../lib/gcc/arm-none-eabi/14.3.1/../../../../arm-none-eabi/lib/thumb/v7e-m+fp/hard/crt0.o (memset)
/Applications/ArmGNUToolchain/14.3.rel1/arm-none-eabi/bin/../lib/gcc/arm-none-eabi/14.3.1/../../../../arm-none-eabi/lib/thumb/v7e-m+fp/hard/libg.a(libc_a-impure.o)
                              /Applications/ArmGNUToolchain/14.3.rel1/arm-none-eabi/bin/../lib/gcc/arm-none-eabi/14.3.1/../../../../arm-none-eabi/lib/thumb/v7e-m+fp/hard/libg.a(libc_a-findfp.o) (_impure_data)
/Applications/ArmGNUToolchain/14.3.rel1/arm-none-eabi/bin/../lib/gcc/arm-none-eabi/14.3.1/../../../../arm-none-eabi/lib/thumb/v7e-m+fp/hard/libg.a(libc_a-init.o)
                              /Applications/ArmGNUToolchain/14.3.rel1/arm-none-eabi/bin/../lib/gcc/arm-none-eabi/14.3.1/../../../../arm-none-eabi/lib/thumb/v7e-m+fp/hard/crt0.o (__libc_init_array)
/Applications/ArmGNUToolchain/14.3.rel1/arm-none-eabi/bin/../lib/gcc/arm-none-eabi/14.3.1/../../../../arm-none-eabi/lib/thumb/v7e-m+fp/hard/libg.a(libc_a-lock.o)
                              /Applications/ArmGNUToolchain/14.3.rel1/arm-none-eabi/bin/../lib/gcc/arm-none-eabi/14.3.1/../../../../arm-none-eabi/lib/thumb/v7e-m+fp/hard/libg.a(libc_a-findfp.o) (__retarget_lock_init_recursive)
/Applications/ArmGNUToolchain/14.3.rel1/arm-none-eabi/bin/../lib/gcc/arm-none-eabi/14.3.1/../../../../arm-none-eabi/lib/thumb/v7e-m+fp/hard/libg.a(libc_a-__call_atexit.o)
                              /Applications/ArmGNUToolchain/14.3.rel1/arm-none-eabi/bin/../lib/gcc/arm-none-eabi/14.3.1/../../../../arm-none-eabi/lib/thumb/v7e-m+fp/hard/libg.a(libc_a-exit.o) (__call_exitprocs)
/Applications/ArmGNUToolchain/14.3.rel1/arm-none-eabi/bin/../lib/gcc/arm-none-eabi/14.3.1/../../../../arm-none-eabi/lib/thumb/v7e-m+fp/hard/libg.a(libc_a-atexit.o)
                              /Applications/ArmGNUToolchain/14.3.rel1/arm-none-eabi/bin/../lib/gcc/arm-none-eabi/14.3.1/../../../../arm-none-eabi/lib/thumb/v7e-m+fp/hard/libg.a(libc_a-__call_atexit.o) (atexit)
[...]
Memory Configuration

Name             Origin             Length             Attributes
FLASH            0x00000000         0x00100000         xr
EXTFLASH         0x12000000         0x08000000         xr
RAM              0x20000000         0x00040000         xrw
CODE_RAM         0x00800000         0x00040000         xrw
*default*        0x00000000         0xffffffff

Linker script and memory map

LOAD /Applications/ArmGNUToolchain/14.3.rel1/arm-none-eabi/bin/../lib/gcc/arm-none-eabi/14.3.1/thumb/v7e-m+fp/hard/crti.o
LOAD /Applications/ArmGNUToolchain/14.3.rel1/arm-none-eabi/bin/../lib/gcc/arm-none-eabi/14.3.1/thumb/v7e-m+fp/hard/crtbegin.o
LOAD /Applications/ArmGNUToolchain/14.3.rel1/arm-none-eabi/bin/../lib/gcc/arm-none-eabi/14.3.1/../../../../arm-none-eabi/lib/thumb/v7e-m+fp/hard/crt0.o
LOAD build/system_nrf52.c.o
LOAD build/printf.c.o
LOAD build/putchar.c.o
LOAD build/gcc_startup_nrf52840.S.o
LOAD build/task3.c.o
LOAD /Applications/ArmGNUToolchain/14.3.rel1/arm-none-eabi/bin/../lib/gcc/arm-none-eabi/14.3.1/../../../../arm-none-eabi/lib/thumb/v7e-m+fp/hard/libstdc++.a
LOAD /Applications/ArmGNUToolchain/14.3.rel1/arm-none-eabi/bin/../lib/gcc/arm-none-eabi/14.3.1/../../../../arm-none-eabi/lib/thumb/v7e-m+fp/hard/libm.a
START GROUP
LOAD /Applications/ArmGNUToolchain/14.3.rel1/arm-none-eabi/bin/../lib/gcc/arm-none-eabi/14.3.1/thumb/v7e-m+fp/hard/libgcc.a
LOAD /Applications/ArmGNUToolchain/14.3.rel1/arm-none-eabi/bin/../lib/gcc/arm-none-eabi/14.3.1/../../../../arm-none-eabi/lib/thumb/v7e-m+fp/hard/libg.a
LOAD /Applications/ArmGNUToolchain/14.3.rel1/arm-none-eabi/bin/../lib/gcc/arm-none-eabi/14.3.1/../../../../arm-none-eabi/lib/thumb/v7e-m+fp/hard/libc.a
END GROUP
START GROUP
LOAD /Applications/ArmGNUToolchain/14.3.rel1/arm-none-eabi/bin/../lib/gcc/arm-none-eabi/14.3.1/thumb/v7e-m+fp/hard/libgcc.a
LOAD /Applications/ArmGNUToolchain/14.3.rel1/arm-none-eabi/bin/../lib/gcc/arm-none-eabi/14.3.1/../../../../arm-none-eabi/lib/thumb/v7e-m+fp/hard/libc.a
LOAD /Applications/ArmGNUToolchain/14.3.rel1/arm-none-eabi/bin/../lib/gcc/arm-none-eabi/14.3.1/../../../../arm-none-eabi/lib/thumb/v7e-m+fp/hard/libnosys.a
END GROUP
LOAD /Applications/ArmGNUToolchain/14.3.rel1/arm-none-eabi/bin/../lib/gcc/arm-none-eabi/14.3.1/thumb/v7e-m+fp/hard/crtend.o
LOAD /Applications/ArmGNUToolchain/14.3.rel1/arm-none-eabi/bin/../lib/gcc/arm-none-eabi/14.3.1/thumb/v7e-m+fp/hard/crtn.o
START GROUP
LOAD /Applications/ArmGNUToolchain/14.3.rel1/arm-none-eabi/bin/../lib/gcc/arm-none-eabi/14.3.1/thumb/v7e-m+fp/hard/libgcc.a
LOAD /Applications/ArmGNUToolchain/14.3.rel1/arm-none-eabi/bin/../lib/gcc/arm-none-eabi/14.3.1/../../../../arm-none-eabi/lib/thumb/v7e-m+fp/hard/libc.a
END GROUP
                0x00000000                        . = ALIGN (ORIGIN (FLASH), 0x4)

.vectors        0x00000000      0x200
                0x00000000                        __vectors_start = .
 *(.isr_vector)
 .isr_vector    0x00000000      0x200 build/gcc_startup_nrf52840.S.o
                0x00000000                __isr_vector
 *(.vectors)
                0x00000200                        __vectors_size = SIZEOF (.vectors)
                0x00000200                        __vectors_end = (__vectors_start + __vectors_size)
                0x00000001                        ASSERT (((__vectors_start == __vectors_end) || ((__vectors_end - ORIGIN (FLASH)) <= LENGTH (FLASH))), error: .vectors is too large to fit in FLASH memory segment)
                0x00000200                        . = ALIGN (0x4)

.ctors          0x00000200        0x0
                0x00000200                        __ctors_start = .
                0x00000200                        __CTOR_LIST__ = .
 *crtbegin*.o(.ctors)
 *(EXCLUDE_FILE(*crtend*.o) .ctors)
 *(SORT_BY_NAME(.ctors.*))
 *(.ctors)
                0x00000200                        __CTOR_END__ = .
                0x00000000                        __ctors_size = SIZEOF (.ctors)
                0x00000200                        __ctors_end = (__ctors_start + __ctors_size)
                0x00000001                        ASSERT (((__ctors_start == __ctors_end) || ((__ctors_end - ORIGIN (FLASH)) <= LENGTH (FLASH))), error: .ctors is too large to fit in FLASH memory segment)
                0x00000200                        . = ALIGN (0x4)

.dtors          0x00000200        0x0
                0x00000200                        __dtors_start = .
                0x00000200                        __DTOR_LIST__ = .
 *crtbegin*.o(.dtors)
 *(EXCLUDE_FILE(*crtend*.o) .dtors)
 *(SORT_BY_NAME(.dtors.*))
 *(.dtors)
                0x00000200                        __DTOR_END__ = .
                0x00000000                        __dtors_size = SIZEOF (.dtors)
                0x00000200                        __dtors_end = (__dtors_start + __dtors_size)
                0x00000001                        ASSERT (((__dtors_start == __dtors_end) || ((__dtors_end - ORIGIN (FLASH)) <= LENGTH (FLASH))), error: .dtors is too large to fit in FLASH memory segment)
                0x00000200                        . = ALIGN (0x4)

.rodata         0x00000200       0x6e
                0x00000200                        . = ALIGN (0x4)
                0x00000200                        __rodata_start = .
 *(.rodata*)
 .rodata.pow10.0
                0x00000200       0x50 build/printf.c.o
 .rodata.TIMER1_IRQHandler.str1.4
                0x00000250       0x1e build/task3.c.o
 *(.srodata .srodata.*)
                0x0000006e                        __rodata_size = SIZEOF (.rodata)
                0x0000026e                        __rodata_end = (__rodata_start + __rodata_size)
                0x00000001                        ASSERT (((__rodata_start == __rodata_end) || ((__rodata_end - ORIGIN (FLASH)) <= LENGTH (FLASH))), error: .rodata is too large to fit in FLASH memory segment)

.ARM.exidx      0x00000270        0x8
 .ARM.exidx     0x00000270        0x8 /Applications/ArmGNUToolchain/14.3.rel1/arm-none-eabi/bin/../lib/gcc/arm-none-eabi/14.3.1/../../../../arm-none-eabi/lib/thumb/v7e-m+fp/hard/crt0.o
                                 0x10 (size before relaxing)

.ARM.exidx.text.__udivmoddi4
                0x00000278        0x0
 .ARM.exidx.text.__udivmoddi4
                0x00000278        0x0 /Applications/ArmGNUToolchain/14.3.rel1/arm-none-eabi/bin/../lib/gcc/arm-none-eabi/14.3.1/thumb/v7e-m+fp/hard/libgcc.a(_udivmoddi4.o)
                                  0x8 (size before relaxing)
                0x00000278                        . = ALIGN (0x4)

.text           0x00000278     0x248c
                0x00000278                        __text_start = .
 *(.startup)
 *(.startup*)
 *(.text*)
 .text.deregister_tm_clones
                0x00000278       0x1c /Applications/ArmGNUToolchain/14.3.rel1/arm-none-eabi/bin/../lib/gcc/arm-none-eabi/14.3.1/thumb/v7e-m+fp/hard/crtbegin.o
 .text.register_tm_clones
                0x00000294       0x24 /Applications/ArmGNUToolchain/14.3.rel1/arm-none-eabi/bin/../lib/gcc/arm-none-eabi/14.3.1/thumb/v7e-m+fp/hard/crtbegin.o
 .text.__do_global_dtors_aux
                0x000002b8       0x28 /Applications/ArmGNUToolchain/14.3.rel1/arm-none-eabi/bin/../lib/gcc/arm-none-eabi/14.3.1/thumb/v7e-m+fp/hard/crtbegin.o
 .text.frame_dummy
                0x000002e0       0x24 /Applications/ArmGNUToolchain/14.3.rel1/arm-none-eabi/bin/../lib/gcc/arm-none-eabi/14.3.1/thumb/v7e-m+fp/hard/crtbegin.o
 .text          0x00000304       0x7c /Applications/ArmGNUToolchain/14.3.rel1/arm-none-eabi/bin/../lib/gcc/arm-none-eabi/14.3.1/../../../../arm-none-eabi/lib/thumb/v7e-m+fp/hard/crt0.o
                0x00000304                _stack_init
                0x0000030c                _mainCRTStartup
                0x0000030c                _start
 .text.SystemInit
                0x00000380      0x14c build/system_nrf52.c.o
                0x00000380                SystemInit
 .text._out_null
                0x000004cc        0x4 build/printf.c.o
 .text._ntoa_format
                0x000004d0      0x388 build/printf.c.o
 .text._out_char
                0x00000858        0x8 build/printf.c.o
 .text._vsnprintf
                0x00000860      0xdb0 build/printf.c.o
 .text.printf_  0x00001610       0x2c build/printf.c.o
                0x00001610                printf_
 .text._putchar
                0x0000163c       0x2c build/putchar.c.o
                0x0000163c                _putchar
 .text          0x00001668       0x84 build/gcc_startup_nrf52840.S.o
                0x00001668                Reset_Handler
                0x000016d8                NMI_Handler
                0x000016da                HardFault_Handler
                0x000016dc                MemoryManagement_Handler
                0x000016de                BusFault_Handler
                0x000016e0                UsageFault_Handler
                0x000016e2                SVC_Handler
                0x000016e4                DebugMon_Handler
                0x000016e6                PendSV_Handler
                0x000016e8                SysTick_Handler
                0x000016ea                QDEC_IRQHandler
                0x000016ea                TIMER3_IRQHandler
                0x000016ea                PWM3_IRQHandler
                0x000016ea                FPU_IRQHandler
                0x000016ea                USBD_IRQHandler
                0x000016ea                SPIM0_SPIS0_TWIM0_TWIS0_SPI0_TWI0_IRQHandler
                0x000016ea                UARTE0_UART0_IRQHandler
                0x000016ea                TIMER4_IRQHandler
                0x000016ea                CRYPTOCELL_IRQHandler
                0x000016ea                I2S_IRQHandler
                0x000016ea                SWI4_EGU4_IRQHandler
                0x000016ea                TIMER0_IRQHandler
                0x000016ea                UARTE1_IRQHandler
                0x000016ea                SPIM3_IRQHandler
                0x000016ea                PWM2_IRQHandler
                0x000016ea                ECB_IRQHandler
                0x000016ea                SPIM1_SPIS1_TWIM1_TWIS1_SPI1_TWI1_IRQHandler
                0x000016ea                Default_Handler
                0x000016ea                SAADC_IRQHandler
                0x000016ea                CCM_AAR_IRQHandler
                0x000016ea                WDT_IRQHandler
                0x000016ea                SWI5_EGU5_IRQHandler
                0x000016ea                RNG_IRQHandler
                0x000016ea                RTC2_IRQHandler
                0x000016ea                PWM0_IRQHandler
                0x000016ea                SWI3_EGU3_IRQHandler
                0x000016ea                RTC1_IRQHandler
                0x000016ea                SWI1_EGU1_IRQHandler
                0x000016ea                SPIM2_SPIS2_SPI2_IRQHandler
                0x000016ea                NFCT_IRQHandler
                0x000016ea                MWU_IRQHandler
                0x000016ea                QSPI_IRQHandler
                0x000016ea                TIMER2_IRQHandler
                0x000016ea                COMP_LPCOMP_IRQHandler
                0x000016ea                RTC0_IRQHandler
                0x000016ea                SWI0_EGU0_IRQHandler
                0x000016ea                SWI2_EGU2_IRQHandler
                0x000016ea                GPIOTE_IRQHandler
                0x000016ea                PWM1_IRQHandler
                0x000016ea                POWER_CLOCK_IRQHandler
                0x000016ea                RADIO_IRQHandler
                0x000016ea                PDM_IRQHandler
                0x000016ea                TEMP_IRQHandler
 .text.startup.main
                0x000016ec      0x174 build/task3.c.o
                0x000016ec                main
 .text.TIMER1_IRQHandler
                0x00001860      0x148 build/task3.c.o
                0x00001860                TIMER1_IRQHandler
 .text          0x000019a8      0x254 /Applications/ArmGNUToolchain/14.3.rel1/arm-none-eabi/bin/../lib/gcc/arm-none-eabi/14.3.1/thumb/v7e-m+fp/hard/libgcc.a(_arm_muldf3.o)
                0x000019a8                __aeabi_dmul
                0x000019a8                __muldf3
 .text          0x00001bfc      0x378 /Applications/ArmGNUToolchain/14.3.rel1/arm-none-eabi/bin/../lib/gcc/arm-none-eabi/14.3.1/thumb/v7e-m+fp/hard/libgcc.a(_arm_addsubdf3.o)
                0x00001bfc                __aeabi_drsub
                0x00001c04                __subdf3
                0x00001c04                __aeabi_dsub
                0x00001c08                __aeabi_dadd
                0x00001c08                __adddf3
                0x00001e80                __aeabi_ui2d
                0x00001e80                __floatunsidf
                0x00001ea0                __floatsidf
                0x00001ea0                __aeabi_i2d
                0x00001ec4                __extendsfdf2
                0x00001ec4                __aeabi_f2d
                0x00001f08                __aeabi_ul2d
                0x00001f08                __floatundidf
                0x00001f18                __aeabi_l2d
                0x00001f18                __floatdidf
 .text          0x00001f74      0x110 /Applications/ArmGNUToolchain/14.3.rel1/arm-none-eabi/bin/../lib/gcc/arm-none-eabi/14.3.1/thumb/v7e-m+fp/hard/libgcc.a(_arm_cmpdf2.o)
                0x00001f74                __gedf2
                0x00001f74                __gtdf2
                0x00001f7c                __ledf2
                0x00001f7c                __ltdf2
                0x00001f84                __cmpdf2
                0x00001f84                __eqdf2
                0x00001f84                __nedf2
                0x00002000                __aeabi_cdrcmple
                0x00002010                __aeabi_cdcmple
                0x00002010                __aeabi_cdcmpeq
                0x00002020                __aeabi_dcmpeq
                0x00002034                __aeabi_dcmplt
                0x00002048                __aeabi_dcmple
                0x0000205c                __aeabi_dcmpge
                0x00002070                __aeabi_dcmpgt
 .text          0x00002084       0x50 /Applications/ArmGNUToolchain/14.3.rel1/arm-none-eabi/bin/../lib/gcc/arm-none-eabi/14.3.1/thumb/v7e-m+fp/hard/libgcc.a(_arm_fixdfsi.o)
                0x00002084                __fixdfsi
                0x00002084                __aeabi_d2iz
 .text          0x000020d4       0x40 /Applications/ArmGNUToolchain/14.3.rel1/arm-none-eabi/bin/../lib/gcc/arm-none-eabi/14.3.1/thumb/v7e-m+fp/hard/libgcc.a(_arm_fixunsdfsi.o)
                0x000020d4                __fixunsdfsi
                0x000020d4                __aeabi_d2uiz
 .text          0x00002114       0x30 /Applications/ArmGNUToolchain/14.3.rel1/arm-none-eabi/bin/../lib/gcc/arm-none-eabi/14.3.1/thumb/v7e-m+fp/hard/libgcc.a(_aeabi_uldivmod.o)
                0x00002114                __aeabi_uldivmod
 .text.__udivmoddi4
                0x00002144      0x2f8 /Applications/ArmGNUToolchain/14.3.rel1/arm-none-eabi/bin/../lib/gcc/arm-none-eabi/14.3.1/thumb/v7e-m+fp/hard/libgcc.a(_udivmoddi4.o)
                0x00002144                __udivmoddi4
 .text          0x0000243c        0x4 /Applications/ArmGNUToolchain/14.3.rel1/arm-none-eabi/bin/../lib/gcc/arm-none-eabi/14.3.1/thumb/v7e-m+fp/hard/libgcc.a(_dvmd_tls.o)
                0x0000243c                __aeabi_ldiv0
                0x0000243c                __aeabi_idiv0
 .text.exit     0x00002440       0x1c /Applications/ArmGNUToolchain/14.3.rel1/arm-none-eabi/bin/../lib/gcc/arm-none-eabi/14.3.1/../../../../arm-none-eabi/lib/thumb/v7e-m+fp/hard/libg.a(libc_a-exit.o)
                0x00002440                exit
 .text.memset   0x0000245c       0x9c /Applications/ArmGNUToolchain/14.3.rel1/arm-none-eabi/bin/../lib/gcc/arm-none-eabi/14.3.1/../../../../arm-none-eabi/lib/thumb/v7e-m+fp/hard/libg.a(libc_a-memset.o)
                0x0000245c                memset
 .text.__libc_init_array
                0x000024f8       0x50 /Applications/ArmGNUToolchain/14.3.rel1/arm-none-eabi/bin/../lib/gcc/arm-none-eabi/14.3.1/../../../../arm-none-eabi/lib/thumb/v7e-m+fp/hard/libg.a(libc_a-init.o)
                0x000024f8                __libc_init_array
 .text.__retarget_lock_acquire_recursive
                0x00002548        0x4 /Applications/ArmGNUToolchain/14.3.rel1/arm-none-eabi/bin/../lib/gcc/arm-none-eabi/14.3.1/../../../../arm-none-eabi/lib/thumb/v7e-m+fp/hard/libg.a(libc_a-lock.o)
                0x00002548                __retarget_lock_acquire_recursive
 .text.__retarget_lock_release_recursive
                0x0000254c        0x4 /Applications/ArmGNUToolchain/14.3.rel1/arm-none-eabi/bin/../lib/gcc/arm-none-eabi/14.3.1/../../../../arm-none-eabi/lib/thumb/v7e-m+fp/hard/libg.a(libc_a-lock.o)
                0x0000254c                __retarget_lock_release_recursive
 .text.startup.register_fini
                0x00002550       0x14 /Applications/ArmGNUToolchain/14.3.rel1/arm-none-eabi/bin/../lib/gcc/arm-none-eabi/14.3.1/../../../../arm-none-eabi/lib/thumb/v7e-m+fp/hard/libg.a(libc_a-__call_atexit.o)
 .text.__call_exitprocs
                0x00002564       0xc0 /Applications/ArmGNUToolchain/14.3.rel1/arm-none-eabi/bin/../lib/gcc/arm-none-eabi/14.3.1/../../../../arm-none-eabi/lib/thumb/v7e-m+fp/hard/libg.a(libc_a-__call_atexit.o)
                0x00002564                __call_exitprocs
 .text.atexit   0x00002624        0xc /Applications/ArmGNUToolchain/14.3.rel1/arm-none-eabi/bin/../lib/gcc/arm-none-eabi/14.3.1/../../../../arm-none-eabi/lib/thumb/v7e-m+fp/hard/libg.a(libc_a-atexit.o)
                0x00002624                atexit
 .text.__libc_fini_array
                0x00002630       0x28 /Applications/ArmGNUToolchain/14.3.rel1/arm-none-eabi/bin/../lib/gcc/arm-none-eabi/14.3.1/../../../../arm-none-eabi/lib/thumb/v7e-m+fp/hard/libg.a(libc_a-fini.o)
                0x00002630                __libc_fini_array
 .text.__register_exitproc
                0x00002658       0x80 /Applications/ArmGNUToolchain/14.3.rel1/arm-none-eabi/bin/../lib/gcc/arm-none-eabi/14.3.1/../../../../arm-none-eabi/lib/thumb/v7e-m+fp/hard/libg.a(libc_a-__atexit.o)
                0x00002658                __register_exitproc
 .text._exit    0x000026d8        0x4 /Applications/ArmGNUToolchain/14.3.rel1/arm-none-eabi/bin/../lib/gcc/arm-none-eabi/14.3.1/../../../../arm-none-eabi/lib/thumb/v7e-m+fp/hard/libnosys.a(_exit.o)
                0x000026d8                _exit
                0x000026dc                        . = ALIGN (0x4)
 *(.init)
 .init          0x000026dc        0x4 /Applications/ArmGNUToolchain/14.3.rel1/arm-none-eabi/bin/../lib/gcc/arm-none-eabi/14.3.1/thumb/v7e-m+fp/hard/crti.o
                0x000026dc                _init
 .init          0x000026e0        0x8 /Applications/ArmGNUToolchain/14.3.rel1/arm-none-eabi/bin/../lib/gcc/arm-none-eabi/14.3.1/thumb/v7e-m+fp/hard/crtn.o
                0x000026e8                        . = ALIGN (0x4)
                0x000026e8                        __preinit_array_start = .
 *(.preinit_array)
                0x000026e8                        __preinit_array_end = .
                0x000026e8                        . = ALIGN (0x4)
                0x000026e8                        __init_array_start = .
 *(SORT_BY_NAME(.init_array.*))
 .init_array.00000
                0x000026e8        0x4 /Applications/ArmGNUToolchain/14.3.rel1/arm-none-eabi/bin/../lib/gcc/arm-none-eabi/14.3.1/../../../../arm-none-eabi/lib/thumb/v7e-m+fp/hard/libg.a(libc_a-__call_atexit.o)
 *(.init_array)
 .init_array    0x000026ec        0x4 /Applications/ArmGNUToolchain/14.3.rel1/arm-none-eabi/bin/../lib/gcc/arm-none-eabi/14.3.1/thumb/v7e-m+fp/hard/crtbegin.o
                0x000026f0                        __init_array_end = .
 *(.fini)
 .fini          0x000026f0        0x4 /Applications/ArmGNUToolchain/14.3.rel1/arm-none-eabi/bin/../lib/gcc/arm-none-eabi/14.3.1/thumb/v7e-m+fp/hard/crti.o
                0x000026f0                _fini
 .fini          0x000026f4        0x8 /Applications/ArmGNUToolchain/14.3.rel1/arm-none-eabi/bin/../lib/gcc/arm-none-eabi/14.3.1/thumb/v7e-m+fp/hard/crtn.o
                0x000026fc                        . = ALIGN (0x4)
                0x000026fc                        __fini_array_start = .
 *(.fini_array)
 .fini_array    0x000026fc        0x4 /Applications/ArmGNUToolchain/14.3.rel1/arm-none-eabi/bin/../lib/gcc/arm-none-eabi/14.3.1/thumb/v7e-m+fp/hard/crtbegin.o
 *(SORT_BY_NAME(.fini_array.*))
                0x00002700                        __fini_array_end = .
                0x00002700                        . = ALIGN (0x4)
 *(.eh_frame*)
 .eh_frame      0x00002700        0x0 /Applications/ArmGNUToolchain/14.3.rel1/arm-none-eabi/bin/../lib/gcc/arm-none-eabi/14.3.1/thumb/v7e-m+fp/hard/crtbegin.o
 .eh_frame      0x00002700        0x4 /Applications/ArmGNUToolchain/14.3.rel1/arm-none-eabi/bin/../lib/gcc/arm-none-eabi/14.3.1/thumb/v7e-m+fp/hard/crtend.o
                0x00002704                        . = ALIGN (0x4)
 *(.eh_frame_hdr)
                0x00002704                        . = ALIGN (0x4)
 *(.hash)
 *(.gnu.hash)
                0x00002704                        . = ALIGN (0x4)
 *(.gnu_extab* .gnu.linkonce.extab.*)
                0x00002704                        . = ALIGN (0x4)
                0x00002704                        __exidx_start = .
 *(.gnu_exidx* .gnu.linkonce.exidx.*)
                0x00002704                        . = ALIGN (0x4)
                0x00002704                        __exidx_end = .
                0x0000248c                        __text_size = SIZEOF (.text)
                0x00002704                        __text_end = (__text_start + __text_size)
                0x00000001                        ASSERT (((__text_start == __text_end) || ((__text_end - ORIGIN (FLASH)) <= LENGTH (FLASH))), error: .text is too large to fit in FLASH memory segment)

.glue_7         0x00002704        0x0
 .glue_7        0x00002704        0x0 linker stubs

.glue_7t        0x00002704        0x0
 .glue_7t       0x00002704        0x0 linker stubs

.vfp11_veneer   0x00002704        0x0
 .vfp11_veneer  0x00002704        0x0 linker stubs

.v4_bx          0x00002704        0x0
 .v4_bx         0x00002704        0x0 linker stubs

.iplt           0x00002704        0x0
 .iplt          0x00002704        0x0 /Applications/ArmGNUToolchain/14.3.rel1/arm-none-eabi/bin/../lib/gcc/arm-none-eabi/14.3.1/thumb/v7e-m+fp/hard/crtbegin.o

.rel.dyn        0x00002704        0x0
 .rel.iplt      0x00002704        0x0 /Applications/ArmGNUToolchain/14.3.rel1/arm-none-eabi/bin/../lib/gcc/arm-none-eabi/14.3.1/thumb/v7e-m+fp/hard/crtbegin.o
                0x00002704                        . = ALIGN (0x4)

.copy.table     0x00002704       0x30
                0x00002704                        __copy_table_start__ = .
                0x00002704        0x4 LONG 0x274c __data_load_start
                0x00002708        0x4 LONG 0x20000000 __data_start
                0x0000270c        0x4 LONG 0x1 ((__data_end - __data_start) / 0x4)
                0x00002710        0x4 LONG 0x2750 __sdata_load_start
                0x00002714        0x4 LONG 0x20000004 __sdata_start
                0x00002718        0x4 LONG 0x0 ((__sdata_end - __sdata_start) / 0x4)
                0x0000271c        0x4 LONG 0x2750 __tdata_load_start
                0x00002720        0x4 LONG 0x20000004 __tdata_start
                0x00002724        0x4 LONG 0x0 ((__tdata_end - __tdata_start) / 0x4)
                0x00002728        0x4 LONG 0x2750 __fast_load_start
                0x0000272c        0x4 LONG 0x20000004 __fast_start
                0x00002730        0x4 LONG 0x0 ((__fast_end - __fast_start) / 0x4)
                0x00002734                        __copy_table_end__ = .
                0x00002734                        . = ALIGN (0x4)

.zero.table     0x00002734       0x18
                0x00002734                        __zero_table_start__ = .
                0x00002734        0x4 LONG 0x20000004 __bss_start
                0x00002738        0x4 LONG 0x8e ((__bss_end - __bss_start) / 0x4)
                0x0000273c        0x4 LONG 0x2000023c __sbss_start
                0x00002740        0x4 LONG 0x0 ((__sbss_end - __sbss_start) / 0x4)
                0x00002744        0x4 LONG 0x2000023c __tbss_start
                0x00002748        0x4 LONG 0x0 ((__tbss_end - __tbss_start) / 0x4)
                0x0000274c                        __zero_table_end__ = .
                0x0000274c                        . = ALIGN (0x4)
                0x0000274c                        __etext = .
                [!provide]                        PROVIDE (etext = .)
                0x0000274c                        PROVIDE (_etext = .)
                0x0000274c                        . = ALIGN (0x4)
                0x0000274c                        __all_data_load_start = .
                0x0000274c                        __data_load_start = .

.data           0x20000000        0x4 load address 0x0000274c
                0x20000000                        . = ALIGN (0x4)
                0x20000000                        __data_start = .
                0x20000000                        __data_start__ = .
 *(vtable)
 *(.data* .gnu.linkonce.d.*)
 .data.__atexit_recursive_mutex
                0x20000000        0x4 /Applications/ArmGNUToolchain/14.3.rel1/arm-none-eabi/bin/../lib/gcc/arm-none-eabi/14.3.1/../../../../arm-none-eabi/lib/thumb/v7e-m+fp/hard/libg.a(libc_a-__call_atexit.o)
                0x20000000                __atexit_recursive_mutex
                0x20000004                        . = ALIGN (0x4)
 *(.jcr*)
                0x00000004                        __data_size = SIZEOF (.data)
                0x20000004                        __data_end = (__data_start + __data_size)
                0x20000004                        __data_end__ = __data_end
                0x00002750                        __data_load_end = (__data_load_start + __data_size)
                0x00000001                        ASSERT (((__data_load_start == __data_load_end) || ((__data_load_end - ORIGIN (FLASH)) <= LENGTH (FLASH))), error: .data is too large to fit in FLASH memory segment)
                0x00000001                        ASSERT (((__data_start == __data_end) || ((__data_end - ORIGIN (RAM)) <= LENGTH (RAM))), error: .data is too large to fit in RAM memory segment)

.tm_clone_table
                0x20000004        0x0 load address 0x00002750
 .tm_clone_table
                0x20000004        0x0 /Applications/ArmGNUToolchain/14.3.rel1/arm-none-eabi/bin/../lib/gcc/arm-none-eabi/14.3.1/thumb/v7e-m+fp/hard/crtbegin.o
 .tm_clone_table
                0x20000004        0x0 /Applications/ArmGNUToolchain/14.3.rel1/arm-none-eabi/bin/../lib/gcc/arm-none-eabi/14.3.1/thumb/v7e-m+fp/hard/crtend.o

.igot.plt       0x20000004        0x0 load address 0x00002750
 .igot.plt      0x20000004        0x0 /Applications/ArmGNUToolchain/14.3.rel1/arm-none-eabi/bin/../lib/gcc/arm-none-eabi/14.3.1/thumb/v7e-m+fp/hard/crtbegin.o
                0x20000004                        . = ALIGN (0x4)
                0x00002750                        __sdata_load_start = ALIGN (__data_load_end, 0x4)

.sdata          0x20000004        0x0 load address 0x00002750
                0x20000004                        . = ALIGN (0x4)
                0x20000004                        __sdata_start = .
 *(.sdata .sdata.* .gnu.linkonce.s.*)
 *(.sdata2 .sdata2.* .gnu.linkonce.s2.*)
                0x00000000                        __sdata_size = SIZEOF (.sdata)
                0x20000004                        __sdata_end = (__sdata_start + __sdata_size)
                0x00002750                        __sdata_load_end = (__sdata_load_start + __sdata_size)
                0x00000001                        ASSERT (((__sdata_load_start == __sdata_load_end) || ((__sdata_load_end - ORIGIN (FLASH)) <= LENGTH (FLASH))), error: .sdata is too large to fit in FLASH memory segment)
                0x00000001                        ASSERT (((__sdata_start == __sdata_end) || ((__sdata_end - ORIGIN (RAM)) <= LENGTH (RAM))), error: .sdata is too large to fit in RAM memory segment)
                0x20000004                        . = ALIGN (0x4)
                0x00002750                        __tdata_load_start = ALIGN (__sdata_load_end, 0x4)

.tdata          0x20000004        0x0 load address 0x00002750
                0x20000004                        . = ALIGN (0x4)
                0x20000004                        __tdata_start = .
 *(.tdata .tdata.* .gnu.linkonce.td.*)
 *(.stdata .stdata.*)
                0x00000000                        __tdata_size = SIZEOF (.tdata)
                0x20000004                        __tdata_end = (__tdata_start + __tdata_size)
                0x00002750                        __tdata_load_end = (__tdata_load_start + __tdata_size)
                0x00000001                        ASSERT (((__tdata_load_start == __tdata_load_end) || ((__tdata_load_end - ORIGIN (FLASH)) <= LENGTH (FLASH))), error: .tdata is too large to fit in FLASH memory segment)
                0x00000001                        ASSERT (((__tdata_start == __tdata_end) || ((__tdata_end - ORIGIN (RAM)) <= LENGTH (RAM))), error: .tdata is too large to fit in RAM memory segment)
                0x20000004                        . = ALIGN (0x4)
                0x00002750                        __fast_load_start = ALIGN (__tdata_load_end, 0x4)

.fast           0x20000004        0x0 load address 0x00002750
                0x20000004                        . = ALIGN (0x4)
                0x20000004                        __fast_start = .
 *(.fast .fast.*)
 *(.fastcode .fastcode.*)
 *(.fastdata .fastdata.*)
 *(.ramcode*)
                0x00000000                        __fast_size = SIZEOF (.fast)
                0x20000004                        __fast_end = (__fast_start + __fast_size)
                0x00002750                        __fast_load_end = (__fast_load_start + __fast_size)
                0x00000001                        ASSERT (((__fast_load_start == __fast_load_end) || ((__fast_load_end - ORIGIN (FLASH)) <= LENGTH (FLASH))), error: .fast is too large to fit in FLASH memory segment)
                0x00000001                        ASSERT (((__fast_start == __fast_end) || ((__fast_end - ORIGIN (RAM)) <= LENGTH (RAM))), error: .fast is too large to fit in RAM memory segment)
                0x20000004                        . = ALIGN (0x4)
                0x20000004                        _edata = .
                [!provide]                        PROVIDE (edata = .)
                [!provide]                        PROVIDE (__edata = .)
                0x20000004                        . = ALIGN (0x4)

.noinit         0x20000004        0x0
                0x20000004                        __noinit_start = .
                [!provide]                        PROVIDE (__noinit_start__ = .)
 *(.noinit .noinit.*)
 *(.no_init .no_init.*)
 *(.noninit .noninit.*)
 *(.non_init .non_init.*)
                0x20000004                        . = ALIGN (0x4)
                0x00000000                        __noinit_size = SIZEOF (.noinit)
                0x20000004                        __noinit_end = (__noinit_start + __noinit_size)
                0x20000004                        __noinit_end__ = __noinit_end
                0x00000001                        ASSERT (((__noinit_start == __noinit_end) || ((__noinit_end - ORIGIN (RAM)) <= LENGTH (RAM))), error: .noinit is too large to fit in RAM memory segment)
                0x20000004                        . = ALIGN (0x4)

.bss            0x20000004      0x238 load address 0x00002750
                0x20000004                        __bss_start = .
                0x20000004                        PROVIDE (__bss_start__ = .)
 *(.bss* .gnu.linkonce.b.*)
 .bss.completed.1
                0x20000004        0x1 /Applications/ArmGNUToolchain/14.3.rel1/arm-none-eabi/bin/../lib/gcc/arm-none-eabi/14.3.1/thumb/v7e-m+fp/hard/crtbegin.o
 *fill*         0x20000005        0x3 
 .bss.object.0  0x20000008       0x18 /Applications/ArmGNUToolchain/14.3.rel1/arm-none-eabi/bin/../lib/gcc/arm-none-eabi/14.3.1/thumb/v7e-m+fp/hard/crtbegin.o
 .bss.tx_buffer
                0x20000020       0x40 build/task3.c.o
                0x20000020                tx_buffer
 .bss.rx_buffer
                0x20000060       0x40 build/task3.c.o
                0x20000060                rx_buffer
 .bss.__stdio_exit_handler
                0x200000a0        0x4 /Applications/ArmGNUToolchain/14.3.rel1/arm-none-eabi/bin/../lib/gcc/arm-none-eabi/14.3.1/../../../../arm-none-eabi/lib/thumb/v7e-m+fp/hard/libg.a(libc_a-findfp.o)
                0x200000a0                __stdio_exit_handler
 .bss.__lock___atexit_recursive_mutex
                0x200000a4        0x1 /Applications/ArmGNUToolchain/14.3.rel1/arm-none-eabi/bin/../lib/gcc/arm-none-eabi/14.3.1/../../../../arm-none-eabi/lib/thumb/v7e-m+fp/hard/libg.a(libc_a-lock.o)
                0x200000a4                __lock___atexit_recursive_mutex
 *fill*         0x200000a5        0x3 
 .bss.__atexit  0x200000a8        0x4 /Applications/ArmGNUToolchain/14.3.rel1/arm-none-eabi/bin/../lib/gcc/arm-none-eabi/14.3.1/../../../../arm-none-eabi/lib/thumb/v7e-m+fp/hard/libg.a(libc_a-__call_atexit.o)
                0x200000a8                __atexit
 .bss.__atexit0
                0x200000ac      0x190 /Applications/ArmGNUToolchain/14.3.rel1/arm-none-eabi/bin/../lib/gcc/arm-none-eabi/14.3.1/../../../../arm-none-eabi/lib/thumb/v7e-m+fp/hard/libg.a(libc_a-__atexit.o)
                0x200000ac                __atexit0
 *(.dynbss)
 *(COMMON)
                0x2000023c                        . = ALIGN (0x4)
                0x00000238                        __bss_size = SIZEOF (.bss)
                0x2000023c                        __bss_end = (__bss_start + __bss_size)
                0x2000023c                        __bss_end__ = __bss_end
                0x00000001                        ASSERT (((__bss_start == __bss_end) || ((__bss_end - ORIGIN (RAM)) <= LENGTH (RAM))), error: .bss is too large to fit in RAM memory segment)
                0x2000023c                        . = ALIGN (0x4)

.sbss           0x2000023c        0x0
                0x2000023c                        __sbss_start = .
                0x2000023c                        __sbss_start__ = __sbss_start
 *(.sbss .sbss.* .gnu.linkonce.sb.*)
 *(.sbss2 .sbss2.* .gnu.linkonce.sb2.*)
 *(.dynsbss)
                0x2000023c                        . = ALIGN (0x4)
                0x00000000                        __sbss_size = SIZEOF (.sbss)
                0x2000023c                        __sbss_end = (__sbss_start + __sbss_size)
                0x2000023c                        __sbss_end__ = __sbss_end
                0x00000001                        ASSERT (((__sbss_start == __sbss_end) || ((__sbss_end - ORIGIN (RAM)) <= LENGTH (RAM))), error: .sbss is too large to fit in RAM memory segment)
                0x2000023c                        . = ALIGN (0x4)

.tbss           0x2000023c        0x0
                0x2000023c                        __tbss_start = .
                0x2000023c                        __tbss_start__ = __tbss_start
                0x2000023c                        . = ALIGN (0x4)
 *(.tbss .tbss.* .gnu.linkonce.tb.*)
 *(.tcommon)
 *(.stbss .stbss.*)
                0x2000023c                        . = ALIGN (0x4)
                0x00000000                        __tbss_size = SIZEOF (.tbss)
                0x2000023c                        __tbss_end = (__tbss_start + __tbss_size)
                0x2000023c                        __tbss_end__ = __tbss_end
                0x00000001                        ASSERT (((__tbss_start == __tbss_end) || ((__tbss_end - ORIGIN (RAM)) <= LENGTH (RAM))), error: .tbss is too large to fit in RAM memory segment)
                0x2000023c                        . = ALIGN (0x4)
                0x2000023c                        . = SEGMENT_START ("ldata-segment", .)
                0x2000023c                        . = ALIGN (0x4)

.heap           0x2000023c     0x4004
                0x2000023c                        __heap_start = .
                0x2000023c                        __HeapBase = .
                0x2000023c                        __heap_base = .
                0x2000023c                        __end = .
                0x2000023c                        PROVIDE (end = .)
                [!provide]                        PROVIDE (_end = .)
                [!provide]                        PROVIDE (__end__ = .)
 *(.heap*)
 *fill*         0x2000023c        0x4 
 .heap          0x20000240     0x4000 build/gcc_startup_nrf52840.S.o
                0x20004240                        __HeapLimit = .
                0x20004240                        __heap_limit = .
                0x20004240                        __heap_end = .

.stack_dummy    0x20000240     0x4000
 *(.stack*)
 .stack         0x20000240     0x4000 build/gcc_startup_nrf52840.S.o
                0x20040000                        __stack_end = (ORIGIN (RAM) + LENGTH (RAM))
                0x20040000                        __StackTop = (ORIGIN (RAM) + LENGTH (RAM))
                0x2003c000                        __StackLimit = (__StackTop - SIZEOF (.stack_dummy))
                0x20040000                        PROVIDE (__stack = __StackTop)
                0x00000001                        ASSERT ((__StackLimit >= __HeapLimit), region RAM overflowed with stack)
                0x00000004                        DataInitFlashUsed = (__bss_start - __data_start)
                0x0000274c                        CodeFlashUsed = (_etext - ORIGIN (FLASH))
                0x00002750                        TotalFlashUsed = (CodeFlashUsed + DataInitFlashUsed)
                0x00000001                        ASSERT ((TotalFlashUsed <= LENGTH (FLASH)), region FLASH overflowed with .data and user data)
OUTPUT(build/build3.elf elf32-littlearm)
LOAD linker stubs

.ARM.attributes
                0x00000000       0x30
 .ARM.attributes
                0x00000000       0x22 /Applications/ArmGNUToolchain/14.3.rel1/arm-none-eabi/bin/../lib/gcc/arm-none-eabi/14.3.1/thumb/v7e-m+fp/hard/crti.o
 .ARM.attributes
                0x00000022       0x34 /Applications/ArmGNUToolchain/14.3.rel1/arm-none-eabi/bin/../lib/gcc/arm-none-eabi/14.3.1/thumb/v7e-m+fp/hard/crtbegin.o
 .ARM.attributes
                0x00000056       0x20 /Applications/ArmGNUToolchain/14.3.rel1/arm-none-eabi/bin/../lib/gcc/arm-none-eabi/14.3.1/../../../../arm-none-eabi/lib/thumb/v7e-m+fp/hard/crt0.o
 .ARM.attributes
                0x00000076       0x34 build/system_nrf52.c.o
 .ARM.attributes
                0x000000aa       0x34 build/printf.c.o
 .ARM.attributes
                0x000000de       0x34 build/putchar.c.o
 .ARM.attributes
                0x00000112       0x20 build/gcc_startup_nrf52840.S.o
 .ARM.attributes
                0x00000132       0x34 build/task3.c.o
 .ARM.attributes
                0x00000166       0x22 /Applications/ArmGNUToolchain/14.3.rel1/arm-none-eabi/bin/../lib/gcc/arm-none-eabi/14.3.1/thumb/v7e-m+fp/hard/libgcc.a(_arm_muldf3.o)
 .ARM.attributes
                0x00000188       0x22 /Applications/ArmGNUToolchain/14.3.rel1/arm-none-eabi/bin/../lib/gcc/arm-none-eabi/14.3.1/thumb/v7e-m+fp/hard/libgcc.a(_arm_addsubdf3.o)
 .ARM.attributes
                0x000001aa       0x22 /Applications/ArmGNUToolchain/14.3.rel1/arm-none-eabi/bin/../lib/gcc/arm-none-eabi/14.3.1/thumb/v7e-m+fp/hard/libgcc.a(_arm_cmpdf2.o)
 .ARM.attributes
                0x000001cc       0x22 /Applications/ArmGNUToolchain/14.3.rel1/arm-none-eabi/bin/../lib/gcc/arm-none-eabi/14.3.1/thumb/v7e-m+fp/hard/libgcc.a(_arm_fixdfsi.o)
 .ARM.attributes
                0x000001ee       0x22 /Applications/ArmGNUToolchain/14.3.rel1/arm-none-eabi/bin/../lib/gcc/arm-none-eabi/14.3.1/thumb/v7e-m+fp/hard/libgcc.a(_arm_fixunsdfsi.o)
 .ARM.attributes
                0x00000210       0x22 /Applications/ArmGNUToolchain/14.3.rel1/arm-none-eabi/bin/../lib/gcc/arm-none-eabi/14.3.1/thumb/v7e-m+fp/hard/libgcc.a(_aeabi_uldivmod.o)
 .ARM.attributes
                0x00000232       0x34 /Applications/ArmGNUToolchain/14.3.rel1/arm-none-eabi/bin/../lib/gcc/arm-none-eabi/14.3.1/thumb/v7e-m+fp/hard/libgcc.a(_udivmoddi4.o)
 .ARM.attributes
                0x00000266       0x22 /Applications/ArmGNUToolchain/14.3.rel1/arm-none-eabi/bin/../lib/gcc/arm-none-eabi/14.3.1/thumb/v7e-m+fp/hard/libgcc.a(_dvmd_tls.o)
 .ARM.attributes
                0x00000288       0x34 /Applications/ArmGNUToolchain/14.3.rel1/arm-none-eabi/bin/../lib/gcc/arm-none-eabi/14.3.1/../../../../arm-none-eabi/lib/thumb/v7e-m+fp/hard/libg.a(libc_a-exit.o)
 .ARM.attributes
                0x000002bc       0x34 /Applications/ArmGNUToolchain/14.3.rel1/arm-none-eabi/bin/../lib/gcc/arm-none-eabi/14.3.1/../../../../arm-none-eabi/lib/thumb/v7e-m+fp/hard/libg.a(libc_a-findfp.o)
 .ARM.attributes
                0x000002f0       0x34 /Applications/ArmGNUToolchain/14.3.rel1/arm-none-eabi/bin/../lib/gcc/arm-none-eabi/14.3.1/../../../../arm-none-eabi/lib/thumb/v7e-m+fp/hard/libg.a(libc_a-memset.o)
 .ARM.attributes
                0x00000324       0x34 /Applications/ArmGNUToolchain/14.3.rel1/arm-none-eabi/bin/../lib/gcc/arm-none-eabi/14.3.1/../../../../arm-none-eabi/lib/thumb/v7e-m+fp/hard/libg.a(libc_a-init.o)
 .ARM.attributes
                0x00000358       0x34 /Applications/ArmGNUToolchain/14.3.rel1/arm-none-eabi/bin/../lib/gcc/arm-none-eabi/14.3.1/../../../../arm-none-eabi/lib/thumb/v7e-m+fp/hard/libg.a(libc_a-lock.o)
 .ARM.attributes
                0x0000038c       0x34 /Applications/ArmGNUToolchain/14.3.rel1/arm-none-eabi/bin/../lib/gcc/arm-none-eabi/14.3.1/../../../../arm-none-eabi/lib/thumb/v7e-m+fp/hard/libg.a(libc_a-__call_atexit.o)
 .ARM.attributes
                0x000003c0       0x34 /Applications/ArmGNUToolchain/14.3.rel1/arm-none-eabi/bin/../lib/gcc/arm-none-eabi/14.3.1/../../../../arm-none-eabi/lib/thumb/v7e-m+fp/hard/libg.a(libc_a-atexit.o)
 .ARM.attributes
                0x000003f4       0x34 /Applications/ArmGNUToolchain/14.3.rel1/arm-none-eabi/bin/../lib/gcc/arm-none-eabi/14.3.1/../../../../arm-none-eabi/lib/thumb/v7e-m+fp/hard/libg.a(libc_a-fini.o)
 .ARM.attributes
                0x00000428       0x34 /Applications/ArmGNUToolchain/14.3.rel1/arm-none-eabi/bin/../lib/gcc/arm-none-eabi/14.3.1/../../../../arm-none-eabi/lib/thumb/v7e-m+fp/hard/libg.a(libc_a-__atexit.o)
 .ARM.attributes
                0x0000045c       0x34 /Applications/ArmGNUToolchain/14.3.rel1/arm-none-eabi/bin/../lib/gcc/arm-none-eabi/14.3.1/../../../../arm-none-eabi/lib/thumb/v7e-m+fp/hard/libnosys.a(_exit.o)
 .ARM.attributes
                0x00000490       0x34 /Applications/ArmGNUToolchain/14.3.rel1/arm-none-eabi/bin/../lib/gcc/arm-none-eabi/14.3.1/thumb/v7e-m+fp/hard/crtend.o
 .ARM.attributes
                0x000004c4       0x22 /Applications/ArmGNUToolchain/14.3.rel1/arm-none-eabi/bin/../lib/gcc/arm-none-eabi/14.3.1/thumb/v7e-m+fp/hard/crtn.o

.comment        0x00000000       0x46
 .comment       0x00000000       0x46 build/system_nrf52.c.o
                                 0x47 (size before relaxing)
 .comment       0x00000046       0x47 build/printf.c.o
 .comment       0x00000046       0x47 build/putchar.c.o
 .comment       0x00000046       0x47 build/task3.c.o

.debug_line_str
                0x00000000      0x205
 .debug_line_str
                0x00000000      0x205 /Applications/ArmGNUToolchain/14.3.rel1/arm-none-eabi/bin/../lib/gcc/arm-none-eabi/14.3.1/../../../../arm-none-eabi/lib/thumb/v7e-m+fp/hard/crt0.o
                                 0xdf (size before relaxing)
 .debug_line_str
                0x00000205       0x3b build/gcc_startup_nrf52840.S.o
 .debug_line_str
                0x00000205       0xd7 /Applications/ArmGNUToolchain/14.3.rel1/arm-none-eabi/bin/../lib/gcc/arm-none-eabi/14.3.1/thumb/v7e-m+fp/hard/libgcc.a(_arm_muldf3.o)
 .debug_line_str
                0x00000205       0xd7 /Applications/ArmGNUToolchain/14.3.rel1/arm-none-eabi/bin/../lib/gcc/arm-none-eabi/14.3.1/thumb/v7e-m+fp/hard/libgcc.a(_arm_addsubdf3.o)
 .debug_line_str
                0x00000205       0xd7 /Applications/ArmGNUToolchain/14.3.rel1/arm-none-eabi/bin/../lib/gcc/arm-none-eabi/14.3.1/thumb/v7e-m+fp/hard/libgcc.a(_arm_cmpdf2.o)
 .debug_line_str
                0x00000205       0xd7 /Applications/ArmGNUToolchain/14.3.rel1/arm-none-eabi/bin/../lib/gcc/arm-none-eabi/14.3.1/thumb/v7e-m+fp/hard/libgcc.a(_arm_fixdfsi.o)
 .debug_line_str
                0x00000205       0xd7 /Applications/ArmGNUToolchain/14.3.rel1/arm-none-eabi/bin/../lib/gcc/arm-none-eabi/14.3.1/thumb/v7e-m+fp/hard/libgcc.a(_arm_fixunsdfsi.o)
 .debug_line_str
                0x00000205       0xd2 /Applications/ArmGNUToolchain/14.3.rel1/arm-none-eabi/bin/../lib/gcc/arm-none-eabi/14.3.1/thumb/v7e-m+fp/hard/libgcc.a(_aeabi_uldivmod.o)
 .debug_line_str
                0x00000205       0xd6 /Applications/ArmGNUToolchain/14.3.rel1/arm-none-eabi/bin/../lib/gcc/arm-none-eabi/14.3.1/thumb/v7e-m+fp/hard/libgcc.a(_dvmd_tls.o)

.debug_info     0x00000000     0x4704
 .debug_info    0x00000000     0x1678 build/system_nrf52.c.o
 .debug_info    0x00001678     0x18b1 build/printf.c.o
 .debug_info    0x00002f29      0x3c9 build/putchar.c.o
 .debug_info    0x000032f2      0x2e5 build/gcc_startup_nrf52840.S.o
 .debug_info    0x000035d7     0x112d build/task3.c.o

.debug_abbrev   0x00000000      0xaac
 .debug_abbrev  0x00000000      0x2f8 build/system_nrf52.c.o
 .debug_abbrev  0x000002f8      0x426 build/printf.c.o
 .debug_abbrev  0x0000071e      0x101 build/putchar.c.o
 .debug_abbrev  0x0000081f       0x28 build/gcc_startup_nrf52840.S.o
 .debug_abbrev  0x00000847      0x265 build/task3.c.o

.debug_loclists
                0x00000000     0x2f4a
 .debug_loclists
                0x00000000      0x122 build/system_nrf52.c.o
 .debug_loclists
                0x00000122     0x2c57 build/printf.c.o
 .debug_loclists
                0x00002d79      0x1d1 build/task3.c.o

.debug_aranges  0x00000000      0x110
 .debug_aranges
                0x00000000       0x38 build/system_nrf52.c.o
 .debug_aranges
                0x00000038       0x70 build/printf.c.o
 .debug_aranges
                0x000000a8       0x20 build/putchar.c.o
 .debug_aranges
                0x000000c8       0x20 build/gcc_startup_nrf52840.S.o
 .debug_aranges
                0x000000e8       0x28 build/task3.c.o

.debug_rnglists
                0x00000000      0x455
 .debug_rnglists
                0x00000000       0x65 build/system_nrf52.c.o
 .debug_rnglists
                0x00000065      0x34a build/printf.c.o
 .debug_rnglists
                0x000003af       0x13 build/putchar.c.o
 .debug_rnglists
                0x000003c2       0x93 build/task3.c.o

.debug_macro    0x00000000    0x1630b
 .debug_macro   0x00000000      0x168 build/system_nrf52.c.o
 .debug_macro   0x00000168      0xad8 build/system_nrf52.c.o
 .debug_macro   0x00000c40       0x22 build/system_nrf52.c.o
 .debug_macro   0x00000c62       0x8e build/system_nrf52.c.o
 .debug_macro   0x00000cf0       0x51 build/system_nrf52.c.o
 .debug_macro   0x00000d41      0x103 build/system_nrf52.c.o
 .debug_macro   0x00000e44       0x6a build/system_nrf52.c.o
 .debug_macro   0x00000eae      0x1df build/system_nrf52.c.o
 .debug_macro   0x0000108d       0x22 build/system_nrf52.c.o
 .debug_macro   0x000010af       0x22 build/system_nrf52.c.o
 .debug_macro   0x000010d1       0x42 build/system_nrf52.c.o
 .debug_macro   0x00001113       0x1c build/system_nrf52.c.o
 .debug_macro   0x0000112f       0x22 build/system_nrf52.c.o
 .debug_macro   0x00001151      0x107 build/system_nrf52.c.o
 .debug_macro   0x00001258     0x1057 build/system_nrf52.c.o
 .debug_macro   0x000022af      0x11f build/system_nrf52.c.o
 .debug_macro   0x000023ce      0x410 build/system_nrf52.c.o
 .debug_macro   0x000027de    0x10d78 build/system_nrf52.c.o
 .debug_macro   0x00013556      0xa63 build/system_nrf52.c.o
 .debug_macro   0x00013fb9       0x94 build/system_nrf52.c.o
 .debug_macro   0x0001404d       0x6a build/system_nrf52.c.o
 .debug_macro   0x000140b7      0x45d build/system_nrf52.c.o
 .debug_macro   0x00014514      0xb32 build/system_nrf52.c.o
 .debug_macro   0x00015046       0xed build/printf.c.o
 .debug_macro   0x00015133       0x58 build/printf.c.o
 .debug_macro   0x0001518b      0x190 build/printf.c.o
 .debug_macro   0x0001531b       0x1c build/printf.c.o
 .debug_macro   0x00015337       0xf1 build/putchar.c.o
 .debug_macro   0x00015428      0x261 build/task3.c.o
 .debug_macro   0x00015689       0x7b build/task3.c.o
 .debug_macro   0x00015704       0x2a build/task3.c.o
 .debug_macro   0x0001572e       0x3c build/task3.c.o
 .debug_macro   0x0001576a       0x34 build/task3.c.o
 .debug_macro   0x0001579e      0x364 build/task3.c.o
 .debug_macro   0x00015b02       0x16 build/task3.c.o
 .debug_macro   0x00015b18       0x4a build/task3.c.o
 .debug_macro   0x00015b62       0x34 build/task3.c.o
 .debug_macro   0x00015b96       0x10 build/task3.c.o
 .debug_macro   0x00015ba6       0x58 build/task3.c.o
 .debug_macro   0x00015bfe      0x1e5 build/task3.c.o
 .debug_macro   0x00015de3       0x10 build/task3.c.o
 .debug_macro   0x00015df3       0x3c build/task3.c.o
 .debug_macro   0x00015e2f       0x10 build/task3.c.o
 .debug_macro   0x00015e3f      0x4cc build/task3.c.o

.debug_line     0x00000000     0x2b5a
 .debug_line    0x00000000      0x6b9 build/system_nrf52.c.o
 .debug_line    0x000006b9     0x17ac build/printf.c.o
 .debug_line    0x00001e65      0x34b build/putchar.c.o
 .debug_line    0x000021b0       0x7f build/gcc_startup_nrf52840.S.o
 .debug_line    0x0000222f      0x92b build/task3.c.o

.debug_str      0x00000000    0x7f8bc
 .debug_str     0x00000000    0x7f8bc build/system_nrf52.c.o
                              0x7b8df (size before relaxing)
 .debug_str     0x0007f8bc     0x4683 build/printf.c.o
 .debug_str     0x0007f8bc    0x75f4b build/putchar.c.o
 .debug_str     0x0007f8bc      0x43b build/gcc_startup_nrf52840.S.o
 .debug_str     0x0007f8bc    0x7a9a3 build/task3.c.o

.debug_frame    0x00000000      0x844
 .debug_frame   0x00000000       0x5c build/system_nrf52.c.o
 .debug_frame   0x0000005c      0x198 build/printf.c.o
 .debug_frame   0x000001f4       0x20 build/putchar.c.o
 .debug_frame   0x00000214       0x78 build/task3.c.o
 .debug_frame   0x0000028c       0x30 /Applications/ArmGNUToolchain/14.3.rel1/arm-none-eabi/bin/../lib/gcc/arm-none-eabi/14.3.1/thumb/v7e-m+fp/hard/libgcc.a(_arm_muldf3.o)
 .debug_frame   0x000002bc       0xac /Applications/ArmGNUToolchain/14.3.rel1/arm-none-eabi/bin/../lib/gcc/arm-none-eabi/14.3.1/thumb/v7e-m+fp/hard/libgcc.a(_arm_addsubdf3.o)
 .debug_frame   0x00000368       0xc4 /Applications/ArmGNUToolchain/14.3.rel1/arm-none-eabi/bin/../lib/gcc/arm-none-eabi/14.3.1/thumb/v7e-m+fp/hard/libgcc.a(_arm_cmpdf2.o)
 .debug_frame   0x0000042c       0x24 /Applications/ArmGNUToolchain/14.3.rel1/arm-none-eabi/bin/../lib/gcc/arm-none-eabi/14.3.1/thumb/v7e-m+fp/hard/libgcc.a(_arm_fixdfsi.o)
 .debug_frame   0x00000450       0x24 /Applications/ArmGNUToolchain/14.3.rel1/arm-none-eabi/bin/../lib/gcc/arm-none-eabi/14.3.1/thumb/v7e-m+fp/hard/libgcc.a(_arm_fixunsdfsi.o)
 .debug_frame   0x00000474       0x2c /Applications/ArmGNUToolchain/14.3.rel1/arm-none-eabi/bin/../lib/gcc/arm-none-eabi/14.3.1/thumb/v7e-m+fp/hard/libgcc.a(_aeabi_uldivmod.o)
 .debug_frame   0x000004a0       0x34 /Applications/ArmGNUToolchain/14.3.rel1/arm-none-eabi/bin/../lib/gcc/arm-none-eabi/14.3.1/thumb/v7e-m+fp/hard/libgcc.a(_udivmoddi4.o)
 .debug_frame   0x000004d4       0x28 /Applications/ArmGNUToolchain/14.3.rel1/arm-none-eabi/bin/../lib/gcc/arm-none-eabi/14.3.1/../../../../arm-none-eabi/lib/thumb/v7e-m+fp/hard/libg.a(libc_a-exit.o)
 .debug_frame   0x000004fc      0x13c /Applications/ArmGNUToolchain/14.3.rel1/arm-none-eabi/bin/../lib/gcc/arm-none-eabi/14.3.1/../../../../arm-none-eabi/lib/thumb/v7e-m+fp/hard/libg.a(libc_a-findfp.o)
 .debug_frame   0x00000638       0x2c /Applications/ArmGNUToolchain/14.3.rel1/arm-none-eabi/bin/../lib/gcc/arm-none-eabi/14.3.1/../../../../arm-none-eabi/lib/thumb/v7e-m+fp/hard/libg.a(libc_a-memset.o)
 .debug_frame   0x00000664       0x2c /Applications/ArmGNUToolchain/14.3.rel1/arm-none-eabi/bin/../lib/gcc/arm-none-eabi/14.3.1/../../../../arm-none-eabi/lib/thumb/v7e-m+fp/hard/libg.a(libc_a-init.o)
 .debug_frame   0x00000690       0xb0 /Applications/ArmGNUToolchain/14.3.rel1/arm-none-eabi/bin/../lib/gcc/arm-none-eabi/14.3.1/../../../../arm-none-eabi/lib/thumb/v7e-m+fp/hard/libg.a(libc_a-lock.o)
 .debug_frame   0x00000740       0x5c /Applications/ArmGNUToolchain/14.3.rel1/arm-none-eabi/bin/../lib/gcc/arm-none-eabi/14.3.1/../../../../arm-none-eabi/lib/thumb/v7e-m+fp/hard/libg.a(libc_a-__call_atexit.o)
 .debug_frame   0x0000079c       0x20 /Applications/ArmGNUToolchain/14.3.rel1/arm-none-eabi/bin/../lib/gcc/arm-none-eabi/14.3.1/../../../../arm-none-eabi/lib/thumb/v7e-m+fp/hard/libg.a(libc_a-atexit.o)
 .debug_frame   0x000007bc       0x34 /Applications/ArmGNUToolchain/14.3.rel1/arm-none-eabi/bin/../lib/gcc/arm-none-eabi/14.3.1/../../../../arm-none-eabi/lib/thumb/v7e-m+fp/hard/libg.a(libc_a-fini.o)
 .debug_frame   0x000007f0       0x34 /Applications/ArmGNUToolchain/14.3.rel1/arm-none-eabi/bin/../lib/gcc/arm-none-eabi/14.3.1/../../../../arm-none-eabi/lib/thumb/v7e-m+fp/hard/libg.a(libc_a-__atexit.o)
 .debug_frame   0x00000824       0x20 /Applications/ArmGNUToolchain/14.3.rel1/arm-none-eabi/bin/../lib/gcc/arm-none-eabi/14.3.1/../../../../arm-none-eabi/lib/thumb/v7e-m+fp/hard/libnosys.a(_exit.o)
